Archive member included because of file (symbol)

/cygdrive/c/sensenuts/6.1.2/Lib/sensenuts/libSense_JN516x.a(AppQueueApi.o)
                              /cygdrive/c/sensenuts/6.1.2/libraries/dio.o (_vAppQApiPostCritInt)
/cygdrive/c/sensenuts/6.1.2/Lib/sensenuts/libSense_JN516x.a(bigbang.o)
                              /cygdrive/c/sensenuts/6.1.2/AppCode/demo12/multihop_bi_mbr_Coord/output/main.o (_bigBang)
/cygdrive/c/sensenuts/6.1.2/Lib/sensenuts/libSense_JN516x.a(clock.o)
                              /cygdrive/c/sensenuts/6.1.2/libraries/routing_aodv.o (_addTimeInCurrent)
/cygdrive/c/sensenuts/6.1.2/Lib/sensenuts/libSense_JN516x.a(scheduler.o)
                              /cygdrive/c/sensenuts/6.1.2/Lib/sensenuts/libSense_JN516x.a(AppQueueApi.o) (_subProcessList)
/cygdrive/c/sensenuts/6.1.2/Lib/sensenuts/libSense_JN516x.a(task.o)
                              /cygdrive/c/sensenuts/6.1.2/Lib/sensenuts/libSense_JN516x.a(clock.o) (_getPTask)
/cygdrive/c/sensenuts/6.1.2/Lib/Components/Library/libAppApi_JN516x.a(AppApi.o)
                              (_pvAppApiDefGetMacHandle)
/cygdrive/c/sensenuts/6.1.2/Lib/Components/Library/libAppApi_JN516x.a(AppApiSleep.o)
                              (_vAppApiDefSaveMacSettings)
/cygdrive/c/sensenuts/6.1.2/Lib/Components/Library/libMac_JN516x.a(mac_main.o)
                              /cygdrive/c/sensenuts/6.1.2/Lib/Components/Library/libAppApi_JN516x.a(AppApi.o) (_bMAC_CurrentlyScanning)
/cygdrive/c/sensenuts/6.1.2/Lib/Components/Library/libMac_JN516x.a(mac_mcps.o)
                              /cygdrive/c/sensenuts/6.1.2/Lib/Components/Library/libAppApi_JN516x.a(AppApi.o) (_MAC_vHandleMcpsReqRsp)
/cygdrive/c/sensenuts/6.1.2/Lib/Components/Library/libMac_JN516x.a(mac_mlme.o)
                              /cygdrive/c/sensenuts/6.1.2/Lib/Components/Library/libAppApi_JN516x.a(AppApi.o) (_MAC_vHandleMlmeReqRsp)
/cygdrive/c/sensenuts/6.1.2/Lib/Components/Library/libMac_JN516x.a(mac_pib.o)
                              /cygdrive/c/sensenuts/6.1.2/libraries/coordinator.o (_MAC_psPibGetHandle)
/cygdrive/c/sensenuts/6.1.2/Lib/Components/Library/libMac_JN516x.a(mac_pib_mlme.o)
                              /cygdrive/c/sensenuts/6.1.2/Lib/Components/Library/libMac_JN516x.a(mac_mlme.o) (_mac_vPibReset)
/cygdrive/c/sensenuts/6.1.2/Lib/Components/Library/libMac_JN516x.a(mac_pmic.o)
                              /cygdrive/c/sensenuts/6.1.2/Lib/Components/Library/libMac_JN516x.a(mac_main.o) (_vPMICreset)
/cygdrive/c/sensenuts/6.1.2/Lib/Components/Library/libMac_JN516x.a(mac_ind.o)
                              /cygdrive/c/sensenuts/6.1.2/Lib/Components/Library/libAppApi_JN516x.a(AppApi.o) (_MAC_vRegisterMlmeDcfmIndCallbacks)
/cygdrive/c/sensenuts/6.1.2/Lib/Components/Library/libMac_JN516x.a(mac_scan.o)
                              /cygdrive/c/sensenuts/6.1.2/Lib/Components/Library/libMac_JN516x.a(mac_main.o) (_mac_eScanHandleXcvBbcEvt)
/cygdrive/c/sensenuts/6.1.2/Lib/Components/Library/libMac_JN516x.a(mac_lp.o)
                              /cygdrive/c/sensenuts/6.1.2/Lib/Components/Library/libMac_JN516x.a(mac_pmic.o) (_g_sLP)
/cygdrive/c/sensenuts/6.1.2/Lib/Components/Library/libMac_JN516x.a(MCPS.o)
                              /cygdrive/c/sensenuts/6.1.2/Lib/Components/Library/libMac_JN516x.a(mac_mcps.o) (_vTAM_MCPSpurgeRequest)
/cygdrive/c/sensenuts/6.1.2/Lib/Components/Library/libMac_JN516x.a(phy_pib.o)
                              /cygdrive/c/sensenuts/6.1.2/Lib/Components/Library/libAppApi_JN516x.a(AppApi.o) (_phy_ePibGet)
/cygdrive/c/sensenuts/6.1.2/Lib/Components/Library/libMac_JN516x.a(TAM.o)
                              /cygdrive/c/sensenuts/6.1.2/Lib/Components/Library/libMac_JN516x.a(MCPS.o) (_bTAMinPAN)
/cygdrive/c/sensenuts/6.1.2/Lib/Components/Library/libMac_JN516x.a(TAMCO.o)
                              /cygdrive/c/sensenuts/6.1.2/Lib/Components/Library/libMac_JN516x.a(TAM.o) (_vTAMCOsetCoordinator)
/cygdrive/c/sensenuts/6.1.2/Lib/Components/Library/libMac_JN516x.a(TAMDE.o)
                              /cygdrive/c/sensenuts/6.1.2/Lib/Components/Library/libMac_JN516x.a(TAM.o) (_vTAMDEdetermineNullState)
/cygdrive/c/sensenuts/6.1.2/Lib/Components/Library/libMac_JN516x.a(TAM_MEM.o)
                              /cygdrive/c/sensenuts/6.1.2/Lib/Components/Library/libMac_JN516x.a(mac_scan.o) (_pvMEMget)
/cygdrive/c/sensenuts/6.1.2/Lib/Components/Library/libMac_JN516x.a(TAM_MLME.o)
                              /cygdrive/c/sensenuts/6.1.2/Lib/Components/Library/libMac_JN516x.a(mac_pmic.o) (_vMLMEcommStatus)
/cygdrive/c/sensenuts/6.1.2/Lib/Components/Library/libMac_JN516x.a(TAM_TAH.o)
                              /cygdrive/c/sensenuts/6.1.2/Lib/Components/Library/libMac_JN516x.a(TAMCO.o) (_vTAHsetCutOff)
/cygdrive/c/sensenuts/6.1.2/Lib/Components/Library/libMac_JN516x.a(TAM_TAI.o)
                              /cygdrive/c/sensenuts/6.1.2/Lib/Components/Library/libMac_JN516x.a(TAMCO.o) (_vTAIdisableInterrupt)
[...]
Memory Configuration

Name             Origin             Length             Attributes
flash            0x00080000         0x00040000
ram              0x0400004c         0x00007fb4
*default*        0x00000000         0xffffffff

Linker script and memory map

LOAD /cygdrive/c/sensenuts/6.1.2/libraries/adc.o
LOAD /cygdrive/c/sensenuts/6.1.2/libraries/coordinator.o
LOAD /cygdrive/c/sensenuts/6.1.2/libraries/dio.o
LOAD /cygdrive/c/sensenuts/6.1.2/libraries/genMac.o
LOAD /cygdrive/c/sensenuts/6.1.2/libraries/gps.o
LOAD /cygdrive/c/sensenuts/6.1.2/libraries/humidSensor.o
LOAD /cygdrive/c/sensenuts/6.1.2/libraries/i2c.o
LOAD /cygdrive/c/sensenuts/6.1.2/libraries/lightSensor.o
LOAD /cygdrive/c/sensenuts/6.1.2/libraries/mac.o
LOAD /cygdrive/c/sensenuts/6.1.2/libraries/node.o
LOAD /cygdrive/c/sensenuts/6.1.2/libraries/pcInterface.o
LOAD /cygdrive/c/sensenuts/6.1.2/libraries/phy.o
LOAD /cygdrive/c/sensenuts/6.1.2/libraries/routing.o
LOAD /cygdrive/c/sensenuts/6.1.2/libraries/routing_aodv.o
LOAD /cygdrive/c/sensenuts/6.1.2/libraries/routing_aodv_Tables.o
LOAD /cygdrive/c/sensenuts/6.1.2/libraries/routing_bi_mbr.o
LOAD /cygdrive/c/sensenuts/6.1.2/libraries/routing_lbr.o
LOAD /cygdrive/c/sensenuts/6.1.2/libraries/routing_mbr.o
LOAD /cygdrive/c/sensenuts/6.1.2/libraries/tempPressure.o
LOAD /cygdrive/c/sensenuts/6.1.2/libraries/tmpSensor.o
LOAD /cygdrive/c/sensenuts/6.1.2/libraries/uartSerial.o
LOAD /cygdrive/c/sensenuts/6.1.2/AppCode/demo12/multihop_bi_mbr_Coord/output/bi_mbr_coord.o
LOAD /cygdrive/c/sensenuts/6.1.2/AppCode/demo12/multihop_bi_mbr_Coord/output/main.o
START GROUP
LOAD /cygdrive/c/sensenuts/6.1.2/Lib/sensenuts/libSense_JN516x.a
LOAD /cygdrive/c/sensenuts/6.1.2/Lib/Components/Library/libAppApi_JN516x.a
LOAD /cygdrive/c/sensenuts/6.1.2/Lib/Components/Library/libMac_JN516x.a
LOAD /cygdrive/c/sensenuts/6.1.2/Lib/Components/Library/libTof_JN516x.a
LOAD /cygdrive/c/sensenuts/6.1.2/Lib/Components/Library/libXcv_JN516x.a
LOAD /cygdrive/c/sensenuts/6.1.2/Lib/Components/Library/libAES_CCM_SW_PATCH_JN516x.a
LOAD /cygdrive/c/sensenuts/6.1.2/Lib/Components/Library/libAes_JN516x.a
LOAD /cygdrive/c/sensenuts/6.1.2/Lib/Components/Library/libTimerServer_JN516x.a
LOAD /cygdrive/c/sensenuts/6.1.2/Lib/Components/Library/libHardwareApi_JN516x.a
LOAD /cygdrive/c/sensenuts/6.1.2/Lib/Components/Library/libMicroSpecific_JN516x.a
LOAD /cygdrive/c/sensenuts/6.1.2/Lib/Components/Library/libBoot_JN516x.a
LOAD /cygdrive/c/sensenuts/6.1.2/Lib/Components/Library/libMaths_JN516x.a
LOAD /cygdrive/c/sensenuts/6.1.2/Lib/Platform/DK4/Library/libBoardLib_JN516x.a
END GROUP
LOAD /cygdrive/c/sensenuts/6.1.2/Lib/Tools/ba-elf-ba2/bin/../lib/gcc/ba-elf/4.1.2/ba2/libgcc.a
LOAD /cygdrive/c/sensenuts/6.1.2/Lib/Tools/ba-elf-ba2/bin/../lib/gcc/ba-elf/4.1.2/../../../../ba-elf/lib/ba2/libc.a
LOAD /cygdrive/c/sensenuts/6.1.2/Lib/Tools/ba-elf-ba2/bin/../lib/gcc/ba-elf/4.1.2/ba2/libgcc.a
                0x00001000                _stack_size = 0x1000
                0x00080038                __exception_vsr_table = 0x80038
                0x04000000                _pSPIflashFncTable = 0x4000000
                0x00001000                _stack_size = 0x1000
                0x00000044                restore_state = 0x44
                0x0000004a                _bZSPIWaitWIPClear = 0x4a
                0x00000050                _u16ZSPIflashRDID = 0x50
                0x00000056                _u8SelectFlashChipType = 0x56
                0x0000005c                _memcpy = 0x5c
                0x00000066                _vBootFlashProg = 0x66
                [0x00000d16]                _minimum_heap_size = DEFINED (_minimum_heap_size)?_minimum_heap_size:0xd16
                0x00000000                _SwConfig = (DEFINED (g_bSWConf_Debug) | (DEFINED (g_bSWConf_AltDebugPort) << 0x1))

.version        0x0007fffc        0x4
                0x0007fffc        0x4 LONG 0x7030008

.bir            0x00080000       0x10
                0x00080000                _flash_start = <code 342> (.)
                0x00080000                _flash_beg = <code 342> (.)
                0x00080000        0x4 LONG 0x12345678
                0x00080004        0x4 LONG 0x11223344
                0x00080008        0x4 LONG 0x55667788
                0x0008000c        0x1 BYTE 0x8
                0x0008000d        0x1 BYTE 0x1
                0x0008000e        0x2 SHORT 0x0

.flashheader    0x00080010       0x28
                0x00080010        0x4 LONG 0x0
                0x00080014        0x4 LONG 0x0
                0x00080018        0x4 LONG 0x0
                0x0008001c        0x2 SHORT 0x0
                0x0008001e        0x2 SHORT 0x0 <code 342> (_SwConfig)
                0x00080020                _enc_start = <code 342> (.)
                0x00080020        0x4 LONG 0xb114 <code 342> (_image_len)
                0x00000000                _enc_offset = (_enc_start & 0xf)
                [0x00000020]                _enc_start = (_enc_start - _flash_beg)
                0x00080024        0x4 LONG 0x8b0e8 <code 342> (_flash_data_start)
                0x00080028        0x2 SHORT 0x13 ((<code 342> (_ram_data_start) / 0x4) & 0xffff)
                0x0008002a        0x2 SHORT 0xb ((<code 342> (_ram_data_len) / 0x4) & 0xffff)
                0x0008002c        0x2 SHORT 0x1e ((<code 342> (_bss_start) / 0x4) & 0xffff)
                0x0008002e        0x2 SHORT 0xb75 ((<code 342> (_bss_len) / 0x4) & 0xffff)
                0x00080030        0x4 LONG 0x81351 <code 342> (_AppWarmStart)
                0x00080034        0x4 LONG 0x8134b <code 342> (_AppColdStart)
                0x00000044                PROVIDE (_vException_BusError, restore_state)
                0x00000044                PROVIDE (_vException_UnalignedAccess, restore_state)
                0x00000044                PROVIDE (_vException_IllegalInstruction, restore_state)
                0x00000044                PROVIDE (_vException_SysCall, restore_state)
                0x00000044                PROVIDE (_vException_Trap, restore_state)
                0x00000044                PROVIDE (_vException_StackOverflow, restore_state)
                0x00080038                . = <code 342> (__exception_vsr_table)

.vsr_table      0x00080038       0x18
                0x00080038        0x4 LONG 0x44 <code 342> (_vException_BusError)
                0x0008003c        0x4 LONG 0x44 <code 342> (_vException_UnalignedAccess)
                0x00080040        0x4 LONG 0x44 <code 342> (_vException_IllegalInstruction)
                0x00080044        0x4 LONG 0x44 <code 342> (_vException_SysCall)
                0x00080048        0x4 LONG 0x44 <code 342> (_vException_Trap)
                0x0008004c        0x4 LONG 0x44 <code 342> (_vException_StackOverflow)

.vsr_handlers   0x00080050       0xab
 *(.vsr_handlers)
 .vsr_handlers  0x00080050       0xab /cygdrive/c/sensenuts/6.1.2/Lib/Components/Library/libBoot_JN516x.a(ExceptionHandler.o)
                0x00080050                __exception_external_interrupt
                0x000800f9                __default_vsr_dummy

.rodata         0x00080100      0x248
 *(.rodata*)
 .rodata.str1.1
                0x00080100        0x6 /cygdrive/c/sensenuts/6.1.2/AppCode/demo12/multihop_bi_mbr_Coord/output/bi_mbr_coord.o
 *fill*         0x00080106        0x2 00
 .rodata.s_sPibInit
                0x00080108       0x18 /cygdrive/c/sensenuts/6.1.2/Lib/Components/Library/libMac_JN516x.a(mac_pib_mlme.o)
 .rodata.aeXcvPhyEvtToScanEvt.4240
                0x00080120       0x18 /cygdrive/c/sensenuts/6.1.2/Lib/Components/Library/libMac_JN516x.a(mac_scan.o)
 .rodata.aeXcvBbcEvtToScanEvt.4230
                0x00080138        0xa /cygdrive/c/sensenuts/6.1.2/Lib/Components/Library/libMac_JN516x.a(mac_scan.o)
 .rodata.s_atScanEvtST
                0x00080142       0x31 /cygdrive/c/sensenuts/6.1.2/Lib/Components/Library/libMac_JN516x.a(mac_scan.o)
 *fill*         0x00080173        0x1 00
 .rodata.s_aprScanHandleEvt
                0x00080174       0x30 /cygdrive/c/sensenuts/6.1.2/Lib/Components/Library/libMac_JN516x.a(mac_scan.o)
 .rodata.psTAMcontext
                0x000801a4        0x4 /cygdrive/c/sensenuts/6.1.2/Lib/Components/Library/libMac_JN516x.a(TAM.o)
                0x000801a4                _psTAMcontext
 .rodata.psTamMacContext
                0x000801a8        0x4 /cygdrive/c/sensenuts/6.1.2/Lib/Components/Library/libMac_JN516x.a(TAM.o)
                0x000801a8                _psTamMacContext
 .rodata.psTamXcvContext
                0x000801ac        0x4 /cygdrive/c/sensenuts/6.1.2/Lib/Components/Library/libMac_JN516x.a(TAM.o)
                0x000801ac                _psTamXcvContext
 .rodata.au8XcvToTAMevent.4757
                0x000801b0        0xa /cygdrive/c/sensenuts/6.1.2/Lib/Components/Library/libMac_JN516x.a(TAM.o)
 .rodata.au8HeaderSize.4215
                0x000801ba        0xe /cygdrive/c/sensenuts/6.1.2/Lib/Components/Library/libMac_JN516x.a(TAMcommon.o)
 .rodata.apvActionCalls
                0x000801c8       0x88 /cygdrive/c/sensenuts/6.1.2/Lib/Components/Library/libMac_JN516x.a(TAMevent.o)
                0x000801c8                _apvActionCalls
 .rodata.au8StateActions
                0x00080250       0x8c /cygdrive/c/sensenuts/6.1.2/Lib/Components/Library/libMac_JN516x.a(TAMevent.o)
                0x00080250                _au8StateActions
 .rodata.au8SizeInc.4433
                0x000802dc        0x9 /cygdrive/c/sensenuts/6.1.2/Lib/Components/Library/libMac_JN516x.a(TAMsecurity.o)
 .rodata.au8MICLenLUT.3714
                0x000802e5        0x4 /cygdrive/c/sensenuts/6.1.2/Lib/Components/Library/libMac_JN516x.a(TAMsecurity.o)
 .rodata.au8FlashWaitStates32MXO
                0x000802e9        0x8 /cygdrive/c/sensenuts/6.1.2/Lib/Components/Library/libHardwareApi_JN516x.a(AHI_System.o)
 .rodata.au8FlashWaitStatesHSRCO
                0x000802f1        0x8 /cygdrive/c/sensenuts/6.1.2/Lib/Components/Library/libHardwareApi_JN516x.a(AHI_System.o)
 *fill*         0x000802f9        0x3 00
 .rodata.au32TimerBaseAddress
                0x000802fc       0x14 /cygdrive/c/sensenuts/6.1.2/Lib/Components/Library/libHardwareApi_JN516x.a(AHI_Timer.o)
 .rodata.au32UartAddrOffset
                0x00080310        0x8 /cygdrive/c/sensenuts/6.1.2/Lib/Components/Library/libHardwareApi_JN516x.a(AHI_Uart.o)
                0x00080310                _au32UartAddrOffset
 .rodata.au8ClockDivisor.3223
                0x00080318        0x6 /cygdrive/c/sensenuts/6.1.2/Lib/Components/Library/libHardwareApi_JN516x.a(AHI_Uart.o)
 *fill*         0x0008031e        0x2 00
 .rodata        0x00080320       0x10 /cygdrive/c/sensenuts/6.1.2/Lib/Tools/ba-elf-ba2/bin/../lib/gcc/ba-elf/4.1.2/ba2/libgcc.a(fp-bit.o)
                0x00080320                ___thenan_sf
 .rodata        0x00080330       0x18 /cygdrive/c/sensenuts/6.1.2/Lib/Tools/ba-elf-ba2/bin/../lib/gcc/ba-elf/4.1.2/ba2/libgcc.a(dp-bit.o)
                0x00080330                ___thenan_df

.text           0x00080348     0xad9d
 *(.text*)
 .text.disableAdc
                0x00080348        0x6 /cygdrive/c/sensenuts/6.1.2/libraries/adc.o
                0x00080348                _disableAdc
 .text.adcRead  0x0008034e       0x72 /cygdrive/c/sensenuts/6.1.2/libraries/adc.o
                0x0008034e                _adcRead
 .text.disableAnalog
                0x000803c0       0x1e /cygdrive/c/sensenuts/6.1.2/libraries/adc.o
                0x000803c0                _disableAnalog
 .text.enableAnalog
                0x000803de       0x7d /cygdrive/c/sensenuts/6.1.2/libraries/adc.o
                0x000803de                _enableAnalog
 .text.handleNodeAssociation
                0x0008045b       0xc8 /cygdrive/c/sensenuts/6.1.2/libraries/coordinator.o
                0x0008045b                _handleNodeAssociation
 .text.startCoordinator
                0x00080523       0x4e /cygdrive/c/sensenuts/6.1.2/libraries/coordinator.o
                0x00080523                _startCoordinator
 .text.setoutput
                0x00080571        0xa /cygdrive/c/sensenuts/6.1.2/libraries/dio.o
                0x00080571                _setoutput
 .text.clearPin
                0x0008057b       0x1f /cygdrive/c/sensenuts/6.1.2/libraries/dio.o
                0x0008057b                _clearPin
 .text.setPin   0x0008059a       0x1f /cygdrive/c/sensenuts/6.1.2/libraries/dio.o
                0x0008059a                _setPin
 .text.ledOff   0x000805b9        0xa /cygdrive/c/sensenuts/6.1.2/libraries/dio.o
                0x000805b9                _ledOff
 .text.ledOn    0x000805c3       0x22 /cygdrive/c/sensenuts/6.1.2/libraries/dio.o
                0x000805c3                _ledOn
 .text.dioInit  0x000805e5       0x1a /cygdrive/c/sensenuts/6.1.2/libraries/dio.o
                0x000805e5                _dioInit
 .text.startAssociate
                0x000805ff       0x4d /cygdrive/c/sensenuts/6.1.2/libraries/genMac.o
                0x000805ff                _startAssociate
 .text.startActiveScan
                0x0008064c       0x39 /cygdrive/c/sensenuts/6.1.2/libraries/genMac.o
                0x0008064c                _startActiveScan
 .text.handleAssociateResponse
                0x00080685       0xbd /cygdrive/c/sensenuts/6.1.2/libraries/genMac.o
                0x00080685                _handleAssociateResponse
 .text.handleActiveScanResponse
                0x00080742       0x9e /cygdrive/c/sensenuts/6.1.2/libraries/genMac.o
                0x00080742                _handleActiveScanResponse
 .text.genMacInit
                0x000807e0       0x5e /cygdrive/c/sensenuts/6.1.2/libraries/genMac.o
                0x000807e0                _genMacInit
 .text.i2cInit  0x0008083e        0xc /cygdrive/c/sensenuts/6.1.2/libraries/i2c.o
                0x0008083e                _i2cInit
 .text.readLux  0x0008084a       0xdd /cygdrive/c/sensenuts/6.1.2/libraries/lightSensor.o
                0x0008084a                _readLux
 .text.lightSensorInit
                0x00080927      0x19d /cygdrive/c/sensenuts/6.1.2/libraries/lightSensor.o
                0x00080927                _lightSensorInit
 .text.sendDataToMac
                0x00080ac4       0x83 /cygdrive/c/sensenuts/6.1.2/libraries/mac.o
                0x00080ac4                _sendDataToMac
 .text.processIncomingMcps
                0x00080b47       0x9d /cygdrive/c/sensenuts/6.1.2/libraries/mac.o
                0x00080b47                _processIncomingMcps
 .text.processIncomingMlme
                0x00080be4       0x29 /cygdrive/c/sensenuts/6.1.2/libraries/mac.o
                0x00080be4                _processIncomingMlme
 .text.macInit  0x00080c0d        0x6 /cygdrive/c/sensenuts/6.1.2/libraries/mac.o
                0x00080c0d                _macInit
 .text.msdelay  0x00080c13       0x4f /cygdrive/c/sensenuts/6.1.2/libraries/node.o
                0x00080c13                _msdelay
 .text.getNodeId
                0x00080c62        0xf /cygdrive/c/sensenuts/6.1.2/libraries/node.o
                0x00080c62                _getNodeId
 .text.eRand    0x00080c71       0x1f /cygdrive/c/sensenuts/6.1.2/libraries/node.o
                0x00080c71                _eRand
 .text.uart     0x00080c90       0x33 /cygdrive/c/sensenuts/6.1.2/libraries/pcInterface.o
                0x00080c90                _uart
 .text.txCmd    0x00080cc3       0x4c /cygdrive/c/sensenuts/6.1.2/libraries/pcInterface.o
                0x00080cc3                _txCmd
 .text.debug    0x00080d0f       0x31 /cygdrive/c/sensenuts/6.1.2/libraries/pcInterface.o
                0x00080d0f                _debug
 .text.UpdateSLbADC
                0x00080d40       0x7d /cygdrive/c/sensenuts/6.1.2/libraries/pcInterface.o
                0x00080d40                _UpdateSLbADC
 .text.sendToPcInit
                0x00080dbd       0x36 /cygdrive/c/sensenuts/6.1.2/libraries/pcInterface.o
                0x00080dbd                _sendToPcInit
 .text.routingHandleError
                0x00080df3        0x6 /cygdrive/c/sensenuts/6.1.2/libraries/routing.o
                0x00080df3                _routingHandleError
 .text.routingTaskHandler
                0x00080df9        0x6 /cygdrive/c/sensenuts/6.1.2/libraries/routing.o
                0x00080df9                _routingTaskHandler
 .text.routingReceivePacket
                0x00080dff       0x14 /cygdrive/c/sensenuts/6.1.2/libraries/routing.o
                0x00080dff                _routingReceivePacket
 .text.routingSendData
                0x00080e13        0xc /cygdrive/c/sensenuts/6.1.2/libraries/routing.o
                0x00080e13                _routingSendData
 .text.routingInit
                0x00080e1f        0x6 /cygdrive/c/sensenuts/6.1.2/libraries/routing.o
                0x00080e1f                _routingInit
 .text.BiMBRisRouteAvail
                0x00080e25       0x3f /cygdrive/c/sensenuts/6.1.2/libraries/routing_bi_mbr.o
                0x00080e25                _BiMBRisRouteAvail
 .text.BiMBRroutingTaskHandler
                0x00080e64       0x69 /cygdrive/c/sensenuts/6.1.2/libraries/routing_bi_mbr.o
                0x00080e64                _BiMBRroutingTaskHandler
 .text.BiMBRhandleError
                0x00080ecd       0x18 /cygdrive/c/sensenuts/6.1.2/libraries/routing_bi_mbr.o
                0x00080ecd                _BiMBRhandleError
 .text.BiMBRreceiveControlPacket
                0x00080ee5       0x8e /cygdrive/c/sensenuts/6.1.2/libraries/routing_bi_mbr.o
                0x00080ee5                _BiMBRreceiveControlPacket
 .text.BiMBRreceiveDataPacket
                0x00080f73       0xe6 /cygdrive/c/sensenuts/6.1.2/libraries/routing_bi_mbr.o
                0x00080f73                _BiMBRreceiveDataPacket
 .text.BiMBRsendData
                0x00081059       0x5a /cygdrive/c/sensenuts/6.1.2/libraries/routing_bi_mbr.o
                0x00081059                _BiMBRsendData
 .text.BiMBRInit
                0x000810b3       0x11 /cygdrive/c/sensenuts/6.1.2/libraries/routing_bi_mbr.o
                0x000810b3                _BiMBRInit
 .text.tmpReadReady
                0x000810c4       0x2f /cygdrive/c/sensenuts/6.1.2/libraries/tmpSensor.o
                0x000810c4                _tmpReadReady
 .text.readTmp  0x000810f3       0x30 /cygdrive/c/sensenuts/6.1.2/libraries/tmpSensor.o
                0x000810f3                _readTmp
 .text.tmpInit  0x00081123       0x1d /cygdrive/c/sensenuts/6.1.2/libraries/tmpSensor.o
                0x00081123                _tmpInit
 .text.userCriticalTaskHandler
                0x00081140        0x3 /cygdrive/c/sensenuts/6.1.2/AppCode/demo12/multihop_bi_mbr_Coord/output/bi_mbr_coord.o
                0x00081140                _userCriticalTaskHandler
 .text.Led_off  0x00081143       0x18 /cygdrive/c/sensenuts/6.1.2/AppCode/demo12/multihop_bi_mbr_Coord/output/bi_mbr_coord.o
                0x00081143                _Led_off
 .text.Led_on   0x0008115b       0x18 /cygdrive/c/sensenuts/6.1.2/AppCode/demo12/multihop_bi_mbr_Coord/output/bi_mbr_coord.o
                0x0008115b                _Led_on
 .text.userReceiveDataPacket
                0x00081173       0x35 /cygdrive/c/sensenuts/6.1.2/AppCode/demo12/multihop_bi_mbr_Coord/output/bi_mbr_coord.o
                0x00081173                _userReceiveDataPacket
 .text.userTaskHandler
                0x000811a8      0x15e /cygdrive/c/sensenuts/6.1.2/AppCode/demo12/multihop_bi_mbr_Coord/output/bi_mbr_coord.o
                0x000811a8                _userTaskHandler
 .text.startNode
                0x00081306       0x45 /cygdrive/c/sensenuts/6.1.2/AppCode/demo12/multihop_bi_mbr_Coord/output/bi_mbr_coord.o
                0x00081306                _startNode
 .text.AppColdStart
                0x0008134b        0x6 /cygdrive/c/sensenuts/6.1.2/AppCode/demo12/multihop_bi_mbr_Coord/output/main.o
                0x0008134b                _AppColdStart
 .text.AppWarmStart
                0x00081351        0x6 /cygdrive/c/sensenuts/6.1.2/AppCode/demo12/multihop_bi_mbr_Coord/output/main.o
                0x00081351                _AppWarmStart
 .text.vFifoInit
                0x00081357       0x14 /cygdrive/c/sensenuts/6.1.2/Lib/sensenuts/libSense_JN516x.a(AppQueueApi.o)
 .text.pvFifoPull
                0x0008136b       0x23 /cygdrive/c/sensenuts/6.1.2/Lib/sensenuts/libSense_JN516x.a(AppQueueApi.o)
 .text.psAppQApiGetMcpsBuffer
                0x0008138e        0xc /cygdrive/c/sensenuts/6.1.2/Lib/sensenuts/libSense_JN516x.a(AppQueueApi.o)
 .text.psAppQApiGetMlmeBuffer
                0x0008139a        0xc /cygdrive/c/sensenuts/6.1.2/Lib/sensenuts/libSense_JN516x.a(AppQueueApi.o)
 .text.psAppQApiReadCritInd
                0x000813a6       0x14 /cygdrive/c/sensenuts/6.1.2/Lib/sensenuts/libSense_JN516x.a(AppQueueApi.o)
                0x000813a6                _psAppQApiReadCritInd
 .text.psAppQApiReadTaskInd
                0x000813ba       0x1a /cygdrive/c/sensenuts/6.1.2/Lib/sensenuts/libSense_JN516x.a(AppQueueApi.o)
                0x000813ba                _psAppQApiReadTaskInd
 .text.psAppQApiReadMcpsInd
                0x000813d4       0x14 /cygdrive/c/sensenuts/6.1.2/Lib/sensenuts/libSense_JN516x.a(AppQueueApi.o)
                0x000813d4                _psAppQApiReadMcpsInd
 .text.psAppQApiReadMlmeInd
                0x000813e8       0x14 /cygdrive/c/sensenuts/6.1.2/Lib/sensenuts/libSense_JN516x.a(AppQueueApi.o)
                0x000813e8                _psAppQApiReadMlmeInd
 .text.bFifoPush
                0x000813fc       0x28 /cygdrive/c/sensenuts/6.1.2/Lib/sensenuts/libSense_JN516x.a(AppQueueApi.o)
 .text.vAppQApiReturnCritIndBuffer
                0x00081424       0xa2 /cygdrive/c/sensenuts/6.1.2/Lib/sensenuts/libSense_JN516x.a(AppQueueApi.o)
                0x00081424                _vAppQApiReturnCritIndBuffer
 .text.vAppQApiReturnTaskIndBuffer
                0x000814c6       0xae /cygdrive/c/sensenuts/6.1.2/Lib/sensenuts/libSense_JN516x.a(AppQueueApi.o)
                0x000814c6                _vAppQApiReturnTaskIndBuffer
 .text.vAppQApiReturnMcpsIndBuffer
                0x00081574       0xa6 /cygdrive/c/sensenuts/6.1.2/Lib/sensenuts/libSense_JN516x.a(AppQueueApi.o)
                0x00081574                _vAppQApiReturnMcpsIndBuffer
 .text.vAppQApiReturnMlmeIndBuffer
                0x0008161a       0xa6 /cygdrive/c/sensenuts/6.1.2/Lib/sensenuts/libSense_JN516x.a(AppQueueApi.o)
                0x0008161a                _vAppQApiReturnMlmeIndBuffer
 .text.vAppQApiPostTaskInt
                0x000816c0       0x89 /cygdrive/c/sensenuts/6.1.2/Lib/sensenuts/libSense_JN516x.a(AppQueueApi.o)
                0x000816c0                _vAppQApiPostTaskInt
 .text.vAppQApiPostMcps
                0x00081749       0x63 /cygdrive/c/sensenuts/6.1.2/Lib/sensenuts/libSense_JN516x.a(AppQueueApi.o)
 .text.vAppQApiPostMlme
                0x000817ac       0x63 /cygdrive/c/sensenuts/6.1.2/Lib/sensenuts/libSense_JN516x.a(AppQueueApi.o)
 .text.u32AppQApiInit
                0x0008180f      0x1bc /cygdrive/c/sensenuts/6.1.2/Lib/sensenuts/libSense_JN516x.a(AppQueueApi.o)
                0x0008180f                _u32AppQApiInit
 .text.bigBang  0x000819cb       0x50 /cygdrive/c/sensenuts/6.1.2/Lib/sensenuts/libSense_JN516x.a(bigbang.o)
                0x000819cb                _bigBang
 .text.clockInit
                0x00081a1b       0x4e /cygdrive/c/sensenuts/6.1.2/Lib/sensenuts/libSense_JN516x.a(clock.o)
                0x00081a1b                _clockInit
 .text.clockHandler
                0x00081a69       0xa7 /cygdrive/c/sensenuts/6.1.2/Lib/sensenuts/libSense_JN516x.a(clock.o)
                0x00081a69                _clockHandler
 .text.findNextSubProcess
                0x00081b10       0x88 /cygdrive/c/sensenuts/6.1.2/Lib/sensenuts/libSense_JN516x.a(scheduler.o)
                0x00081b10                _findNextSubProcess
 .text.findNextRRProcess
                0x00081b98       0x7c /cygdrive/c/sensenuts/6.1.2/Lib/sensenuts/libSense_JN516x.a(scheduler.o)
                0x00081b98                _findNextRRProcess
 .text.selectSubProcess
                0x00081c14       0x7c /cygdrive/c/sensenuts/6.1.2/Lib/sensenuts/libSense_JN516x.a(scheduler.o)
                0x00081c14                _selectSubProcess
 .text.startRRSch
                0x00081c90       0x8d /cygdrive/c/sensenuts/6.1.2/Lib/sensenuts/libSense_JN516x.a(scheduler.o)
                0x00081c90                _startRRSch
 .text.startScheduler
                0x00081d1d        0x6 /cygdrive/c/sensenuts/6.1.2/Lib/sensenuts/libSense_JN516x.a(scheduler.o)
                0x00081d1d                _startScheduler
 .text.getPTask
                0x00081d23       0x5c /cygdrive/c/sensenuts/6.1.2/Lib/sensenuts/libSense_JN516x.a(task.o)
                0x00081d23                _getPTask
 .text.calcMid  0x00081d7f       0x1e /cygdrive/c/sensenuts/6.1.2/Lib/sensenuts/libSense_JN516x.a(task.o)
                0x00081d7f                _calcMid
 .text.findPos  0x00081d9d      0x34c /cygdrive/c/sensenuts/6.1.2/Lib/sensenuts/libSense_JN516x.a(task.o)
                0x00081d9d                _findPos
 .text.addTask  0x000820e9      0x149 /cygdrive/c/sensenuts/6.1.2/Lib/sensenuts/libSense_JN516x.a(task.o)
                0x000820e9                _addTask
 .text.pvAppApiDefGetMacHandle
                0x00082232        0x9 /cygdrive/c/sensenuts/6.1.2/Lib/Components/Library/libAppApi_JN516x.a(AppApi.o)
                0x00082232                _pvAppApiDefGetMacHandle
 .text.vAppApiDefSetPrbsSeed
                0x0008223b       0x24 /cygdrive/c/sensenuts/6.1.2/Lib/Components/Library/libAppApi_JN516x.a(AppApi.o)
                0x0008223b                _vAppApiDefSetPrbsSeed
 .text.pvAppApiDefGetMacAddrLocation
                0x0008225f        0x9 /cygdrive/c/sensenuts/6.1.2/Lib/Components/Library/libAppApi_JN516x.a(AppApi.o)
                0x0008225f                _pvAppApiDefGetMacAddrLocation
 .text.vAppApiDefSetInterrupts
                0x00082268       0x3d /cygdrive/c/sensenuts/6.1.2/Lib/Components/Library/libAppApi_JN516x.a(AppApi.o)
                0x00082268                _vAppApiDefSetInterrupts
 .text.vAppApiDefPowerUp
                0x000822a5       0x26 /cygdrive/c/sensenuts/6.1.2/Lib/Components/Library/libAppApi_JN516x.a(AppApi.o)
                0x000822a5                _vAppApiDefPowerUp
 .text.vAppApiDefStartStack
                0x000822cb       0x51 /cygdrive/c/sensenuts/6.1.2/Lib/Components/Library/libAppApi_JN516x.a(AppApi.o)
                0x000822cb                _vAppApiDefStartStack
 .text.u32AppApiDefInit
                0x0008231c       0x5a /cygdrive/c/sensenuts/6.1.2/Lib/Components/Library/libAppApi_JN516x.a(AppApi.o)
                0x0008231c                _u32AppApiDefInit
 .text.eAppApiDefPlmeGet
                0x00082376       0x33 /cygdrive/c/sensenuts/6.1.2/Lib/Components/Library/libAppApi_JN516x.a(AppApi.o)
                0x00082376                _eAppApiDefPlmeGet
 .text.vAppApiDefMcpsRequest
                0x000823a9       0x32 /cygdrive/c/sensenuts/6.1.2/Lib/Components/Library/libAppApi_JN516x.a(AppApi.o)
                0x000823a9                _vAppApiDefMcpsRequest
 .text.vAppApiDefMlmeRequest
                0x000823db       0x32 /cygdrive/c/sensenuts/6.1.2/Lib/Components/Library/libAppApi_JN516x.a(AppApi.o)
                0x000823db                _vAppApiDefMlmeRequest
 .text.eAppApiDefPlmeSet
                0x0008240d       0x33 /cygdrive/c/sensenuts/6.1.2/Lib/Components/Library/libAppApi_JN516x.a(AppApi.o)
                0x0008240d                _eAppApiDefPlmeSet
 .text.vAppApiDefSaveMacSettings
                0x00082440       0x5d /cygdrive/c/sensenuts/6.1.2/Lib/Components/Library/libAppApi_JN516x.a(AppApiSleep.o)
                0x00082440                _vAppApiDefSaveMacSettings
 .text.vMAC_RestoreSettings
                0x0008249d       0xc8 /cygdrive/c/sensenuts/6.1.2/Lib/Components/Library/libAppApi_JN516x.a(AppApiSleep.o)
                0x0008249d                _vMAC_RestoreSettings
 .text.vAppApiDefRestoreMacSettings
                0x00082565       0x25 /cygdrive/c/sensenuts/6.1.2/Lib/Components/Library/libAppApi_JN516x.a(AppApiSleep.o)
                0x00082565                _vAppApiDefRestoreMacSettings
 .text.vSetTimer0
                0x0008258a        0xf /cygdrive/c/sensenuts/6.1.2/Lib/Components/Library/libMac_JN516x.a(mac_main.o)
                0x0008258a                _vSetTimer0
 .text.u32GetTimer0
                0x00082599        0x7 /cygdrive/c/sensenuts/6.1.2/Lib/Components/Library/libMac_JN516x.a(mac_main.o)
                0x00082599                _u32GetTimer0
 .text.MAC_vXcvPhyEvtHandler
                0x000825a0       0x10 /cygdrive/c/sensenuts/6.1.2/Lib/Components/Library/libMac_JN516x.a(mac_main.o)
                0x000825a0                _MAC_vXcvPhyEvtHandler
 .text.MAC_vXcvBbcEvtHandler
                0x000825b0       0x20 /cygdrive/c/sensenuts/6.1.2/Lib/Components/Library/libMac_JN516x.a(mac_main.o)
                0x000825b0                _MAC_vXcvBbcEvtHandler
 .text.mac_vInitTimer0
                0x000825d0       0x20 /cygdrive/c/sensenuts/6.1.2/Lib/Components/Library/libMac_JN516x.a(mac_main.o)
                0x000825d0                _mac_vInitTimer0
 .text.MAC_pvCtor
                0x000825f0       0x82 /cygdrive/c/sensenuts/6.1.2/Lib/Components/Library/libMac_JN516x.a(mac_main.o)
                0x000825f0                _MAC_pvCtor
 .text.MAC_vHandleMcpsReqRsp
                0x00082672       0x2d /cygdrive/c/sensenuts/6.1.2/Lib/Components/Library/libMac_JN516x.a(mac_mcps.o)
                0x00082672                _MAC_vHandleMcpsReqRsp
 .text.vHandleTofRequest
                0x0008269f       0x12 /cygdrive/c/sensenuts/6.1.2/Lib/Components/Library/libMac_JN516x.a(mac_mlme.o)
 *fill*         0x000826b1        0x3 00
 .text.MAC_vHandleMlmeReqRsp
                0x000826b4       0xb4 /cygdrive/c/sensenuts/6.1.2/Lib/Components/Library/libMac_JN516x.a(mac_mlme.o)
                0x000826b4                _MAC_vHandleMlmeReqRsp
 .text.MAC_psPibGetHandle
                0x00082768        0x7 /cygdrive/c/sensenuts/6.1.2/Lib/Components/Library/libMac_JN516x.a(mac_pib.o)
                0x00082768                _MAC_psPibGetHandle
 .text.MAC_vPibSetShortAddr
                0x0008276f        0xe /cygdrive/c/sensenuts/6.1.2/Lib/Components/Library/libMac_JN516x.a(mac_pib.o)
                0x0008276f                _MAC_vPibSetShortAddr
 .text.MAC_vPibSetPanId
                0x0008277d       0x1b /cygdrive/c/sensenuts/6.1.2/Lib/Components/Library/libMac_JN516x.a(mac_pib.o)
                0x0008277d                _MAC_vPibSetPanId
 .text.MAC_vPibSetMinBe
                0x00082798       0x1e /cygdrive/c/sensenuts/6.1.2/Lib/Components/Library/libMac_JN516x.a(mac_pib.o)
                0x00082798                _MAC_vPibSetMinBe
 .text.MAC_vPibSetMaxCsmaBackoffs
                0x000827b6       0x21 /cygdrive/c/sensenuts/6.1.2/Lib/Components/Library/libMac_JN516x.a(mac_pib.o)
                0x000827b6                _MAC_vPibSetMaxCsmaBackoffs
 .text.MAC_vSetExtAddr
                0x000827d7       0x1f /cygdrive/c/sensenuts/6.1.2/Lib/Components/Library/libMac_JN516x.a(mac_pib.o)
                0x000827d7                _MAC_vSetExtAddr
 .text.MAC_vPibSetRxOnWhenIdle
                0x000827f6       0x13 /cygdrive/c/sensenuts/6.1.2/Lib/Components/Library/libMac_JN516x.a(mac_pib.o)
                0x000827f6                _MAC_vPibSetRxOnWhenIdle
 .text.MAC_vPibSetPromiscuousMode
                0x00082809       0x40 /cygdrive/c/sensenuts/6.1.2/Lib/Components/Library/libMac_JN516x.a(mac_pib.o)
                0x00082809                _MAC_vPibSetPromiscuousMode
 .text.mac_vPibCmpCoordExtAddr
                0x00082849       0x29 /cygdrive/c/sensenuts/6.1.2/Lib/Components/Library/libMac_JN516x.a(mac_pib_mlme.o)
                0x00082849                _mac_vPibCmpCoordExtAddr
 .text.mac_vPibReset
                0x00082872       0x87 /cygdrive/c/sensenuts/6.1.2/Lib/Components/Library/libMac_JN516x.a(mac_pib_mlme.o)
                0x00082872                _mac_vPibReset
 .text.mac_vPibSetDefaults
                0x000828f9      0x12e /cygdrive/c/sensenuts/6.1.2/Lib/Components/Library/libMac_JN516x.a(mac_pib_mlme.o)
                0x000828f9                _mac_vPibSetDefaults
 .text.vPMICreset
                0x00082a27        0xd /cygdrive/c/sensenuts/6.1.2/Lib/Components/Library/libMac_JN516x.a(mac_pmic.o)
                0x00082a27                _vPMICreset
 .text.vPMICpostFailedAssocDcfm
                0x00082a34       0x3d /cygdrive/c/sensenuts/6.1.2/Lib/Components/Library/libMac_JN516x.a(mac_pmic.o)
                0x00082a34                _vPMICpostFailedAssocDcfm
 .text.vPMICassocReqTO_2
                0x00082a71       0x1d /cygdrive/c/sensenuts/6.1.2/Lib/Components/Library/libMac_JN516x.a(mac_pmic.o)
 .text.vPMICassocReqFrameReceived
                0x00082a8e       0x79 /cygdrive/c/sensenuts/6.1.2/Lib/Components/Library/libMac_JN516x.a(mac_pmic.o)
                0x00082a8e                _vPMICassocReqFrameReceived
 .text.vPMICdisassocReceived
                0x00082b07       0x93 /cygdrive/c/sensenuts/6.1.2/Lib/Components/Library/libMac_JN516x.a(mac_pmic.o)
                0x00082b07                _vPMICdisassocReceived
 .text.vPMICassocRespFrameReceived
                0x00082b9a       0x93 /cygdrive/c/sensenuts/6.1.2/Lib/Components/Library/libMac_JN516x.a(mac_pmic.o)
                0x00082b9a                _vPMICassocRespFrameReceived
 .text.vPMICassocReqTO_1
                0x00082c2d       0x8c /cygdrive/c/sensenuts/6.1.2/Lib/Components/Library/libMac_JN516x.a(mac_pmic.o)
 .text.vPMICdisassociateRequest
                0x00082cb9       0xf4 /cygdrive/c/sensenuts/6.1.2/Lib/Components/Library/libMac_JN516x.a(mac_pmic.o)
                0x00082cb9                _vPMICdisassociateRequest
 .text.bPMICdisassocReqSent
                0x00082dad       0x83 /cygdrive/c/sensenuts/6.1.2/Lib/Components/Library/libMac_JN516x.a(mac_pmic.o)
 .text.vPMICassociateResponse
                0x00082e30       0xd9 /cygdrive/c/sensenuts/6.1.2/Lib/Components/Library/libMac_JN516x.a(mac_pmic.o)
                0x00082e30                _vPMICassociateResponse
 .text.bAssocRespSent
                0x00082f09       0x1d /cygdrive/c/sensenuts/6.1.2/Lib/Components/Library/libMac_JN516x.a(mac_pmic.o)
 .text.vPMICassociateRequest
                0x00082f26       0xe6 /cygdrive/c/sensenuts/6.1.2/Lib/Components/Library/libMac_JN516x.a(mac_pmic.o)
                0x00082f26                _vPMICassociateRequest
 .text.bPMICassocReqPollSent
                0x0008300c       0x5b /cygdrive/c/sensenuts/6.1.2/Lib/Components/Library/libMac_JN516x.a(mac_pmic.o)
 .text.bPMICassocReqSent
                0x00083067       0x8d /cygdrive/c/sensenuts/6.1.2/Lib/Components/Library/libMac_JN516x.a(mac_pmic.o)
 .text.MAC_vRegisterMlmeDcfmIndCallbacks
                0x000830f4        0xc /cygdrive/c/sensenuts/6.1.2/Lib/Components/Library/libMac_JN516x.a(mac_ind.o)
                0x000830f4                _MAC_vRegisterMlmeDcfmIndCallbacks
 .text.MAC_vRegisterMcpsDcfmIndCallbacks
                0x00083100        0xc /cygdrive/c/sensenuts/6.1.2/Lib/Components/Library/libMac_JN516x.a(mac_ind.o)
                0x00083100                _MAC_vRegisterMcpsDcfmIndCallbacks
 .text.mac_psDcfmIndGetBuf
                0x0008310c       0x23 /cygdrive/c/sensenuts/6.1.2/Lib/Components/Library/libMac_JN516x.a(mac_ind.o)
                0x0008310c                _mac_psDcfmIndGetBuf
 .text.mac_eDcfmIndPost
                0x0008312f       0x21 /cygdrive/c/sensenuts/6.1.2/Lib/Components/Library/libMac_JN516x.a(mac_ind.o)
                0x0008312f                _mac_eDcfmIndPost
 .text.eScanHandleEvt
                0x00083150       0x2e /cygdrive/c/sensenuts/6.1.2/Lib/Components/Library/libMac_JN516x.a(mac_scan.o)
                0x00083150                _eScanHandleEvt
 .text.vScanHandleTimer
                0x0008317e        0x8 /cygdrive/c/sensenuts/6.1.2/Lib/Components/Library/libMac_JN516x.a(mac_scan.o)
 .text.eGenlIllegal
                0x00083186        0x7 /cygdrive/c/sensenuts/6.1.2/Lib/Components/Library/libMac_JN516x.a(mac_scan.o)
 .text.eGenlDontCare
                0x0008318d        0x5 /cygdrive/c/sensenuts/6.1.2/Lib/Components/Library/libMac_JN516x.a(mac_scan.o)
 .text.eWEnDEdDone
                0x00083192       0x64 /cygdrive/c/sensenuts/6.1.2/Lib/Components/Library/libMac_JN516x.a(mac_scan.o)
 .text.eWEnDTmrExpiry
                0x000831f6        0xb /cygdrive/c/sensenuts/6.1.2/Lib/Components/Library/libMac_JN516x.a(mac_scan.o)
 .text.mac_eScanHandleXcvBbcEvt
                0x00083201        0xf /cygdrive/c/sensenuts/6.1.2/Lib/Components/Library/libMac_JN516x.a(mac_scan.o)
                0x00083201                _mac_eScanHandleXcvBbcEvt
 .text.mac_eScanHandleXcvPhyEvt
                0x00083210       0x12 /cygdrive/c/sensenuts/6.1.2/Lib/Components/Library/libMac_JN516x.a(mac_scan.o)
                0x00083210                _mac_eScanHandleXcvPhyEvt
 .text.vSetNextChannel
                0x00083222       0x4a /cygdrive/c/sensenuts/6.1.2/Lib/Components/Library/libMac_JN516x.a(mac_scan.o)
 .text.mac_vScanHandleMlmeReq
                0x0008326c       0x98 /cygdrive/c/sensenuts/6.1.2/Lib/Components/Library/libMac_JN516x.a(mac_scan.o)
                0x0008326c                _mac_vScanHandleMlmeReq
 .text.mac_eScanInit
                0x00083304       0x19 /cygdrive/c/sensenuts/6.1.2/Lib/Components/Library/libMac_JN516x.a(mac_scan.o)
                0x00083304                _mac_eScanInit
 .text.vPostDcfm
                0x0008331d       0xe9 /cygdrive/c/sensenuts/6.1.2/Lib/Components/Library/libMac_JN516x.a(mac_scan.o)
 .text.eWCoRRxDone
                0x00083406       0xb7 /cygdrive/c/sensenuts/6.1.2/Lib/Components/Library/libMac_JN516x.a(mac_scan.o)
 .text.eGenTmrExpiry
                0x000834bd       0x4b /cygdrive/c/sensenuts/6.1.2/Lib/Components/Library/libMac_JN516x.a(mac_scan.o)
 .text.eWEDTEdDone
                0x00083508       0x1a /cygdrive/c/sensenuts/6.1.2/Lib/Components/Library/libMac_JN516x.a(mac_scan.o)
 .text.eGenRxHdrDone
                0x00083522       0x13 /cygdrive/c/sensenuts/6.1.2/Lib/Components/Library/libMac_JN516x.a(mac_scan.o)
 .text.eWONTTxDone
                0x00083535       0x35 /cygdrive/c/sensenuts/6.1.2/Lib/Components/Library/libMac_JN516x.a(mac_scan.o)
 .text.eWBRTTxDone
                0x0008356a       0x21 /cygdrive/c/sensenuts/6.1.2/Lib/Components/Library/libMac_JN516x.a(mac_scan.o)
 .text.eWBcnRxDone
                0x0008358b      0x19e /cygdrive/c/sensenuts/6.1.2/Lib/Components/Library/libMac_JN516x.a(mac_scan.o)
 .text.bSendMacCmd
                0x00083729       0x40 /cygdrive/c/sensenuts/6.1.2/Lib/Components/Library/libMac_JN516x.a(mac_scan.o)
 .text.eWChCChanChgd
                0x00083769      0x170 /cygdrive/c/sensenuts/6.1.2/Lib/Components/Library/libMac_JN516x.a(mac_scan.o)
 .text.mac_vLPBAdjustBeaconOffset
                0x000838d9       0x5d /cygdrive/c/sensenuts/6.1.2/Lib/Components/Library/libMac_JN516x.a(mac_lp.o)
                0x000838d9                _mac_vLPBAdjustBeaconOffset
 .text.mac_u32LPBGetBeaconTimeout
                0x00083936        0x9 /cygdrive/c/sensenuts/6.1.2/Lib/Components/Library/libMac_JN516x.a(mac_lp.o)
                0x00083936                _mac_u32LPBGetBeaconTimeout
 .text.MAC_u32ConvertFrom16uS
                0x0008393f       0x41 /cygdrive/c/sensenuts/6.1.2/Lib/Components/Library/libMac_JN516x.a(mac_lp.o)
                0x0008393f                _MAC_u32ConvertFrom16uS
 .text.mac_vLPBSleep
                0x00083980       0x55 /cygdrive/c/sensenuts/6.1.2/Lib/Components/Library/libMac_JN516x.a(mac_lp.o)
                0x00083980                _mac_vLPBSleep
 .text.mac_vLPBStopTimer
                0x000839d5        0xe /cygdrive/c/sensenuts/6.1.2/Lib/Components/Library/libMac_JN516x.a(mac_lp.o)
                0x000839d5                _mac_vLPBStopTimer
 .text.mac_vLPBStartTimer
                0x000839e3       0x88 /cygdrive/c/sensenuts/6.1.2/Lib/Components/Library/libMac_JN516x.a(mac_lp.o)
                0x000839e3                _mac_vLPBStartTimer
 .text.vMCPSframeReceived
                0x00083a6b       0x5a /cygdrive/c/sensenuts/6.1.2/Lib/Components/Library/libMac_JN516x.a(MCPS.o)
                0x00083a6b                _vMCPSframeReceived
 .text.bSearchQueue
                0x00083ac5       0x36 /cygdrive/c/sensenuts/6.1.2/Lib/Components/Library/libMac_JN516x.a(MCPS.o)
 .text.vTAM_MCPSpurgeRequest
                0x00083afb       0x64 /cygdrive/c/sensenuts/6.1.2/Lib/Components/Library/libMac_JN516x.a(MCPS.o)
                0x00083afb                _vTAM_MCPSpurgeRequest
 .text.bMCPSframeTXcomplete
                0x00083b5f       0x5a /cygdrive/c/sensenuts/6.1.2/Lib/Components/Library/libMac_JN516x.a(MCPS.o)
 .text.vTAM_MCPSdataRequest
                0x00083bb9       0x46 /cygdrive/c/sensenuts/6.1.2/Lib/Components/Library/libMac_JN516x.a(MCPS.o)
                0x00083bb9                _vTAM_MCPSdataRequest
 .text.phy_ePibGet
                0x00083bff       0x34 /cygdrive/c/sensenuts/6.1.2/Lib/Components/Library/libMac_JN516x.a(phy_pib.o)
                0x00083bff                _phy_ePibGet
 .text.u8GetPapValue
                0x00083c33       0x21 /cygdrive/c/sensenuts/6.1.2/Lib/Components/Library/libMac_JN516x.a(phy_pib.o)
 .text.vPhySetChannel
                0x00083c54       0x77 /cygdrive/c/sensenuts/6.1.2/Lib/Components/Library/libMac_JN516x.a(phy_pib.o)
                0x00083c54                _vPhySetChannel
 .text.phy_ePibSet
                0x00083ccb       0x90 /cygdrive/c/sensenuts/6.1.2/Lib/Components/Library/libMac_JN516x.a(phy_pib.o)
                0x00083ccb                _phy_ePibSet
 .text.phy_vPibSetDefaults
                0x00083d5b       0x2c /cygdrive/c/sensenuts/6.1.2/Lib/Components/Library/libMac_JN516x.a(phy_pib.o)
                0x00083d5b                _phy_vPibSetDefaults
 .text.bTAMinPAN
                0x00083d87       0x19 /cygdrive/c/sensenuts/6.1.2/Lib/Components/Library/libMac_JN516x.a(TAM.o)
                0x00083d87                _bTAMinPAN
 .text.eTAMevent
                0x00083da0       0x1a /cygdrive/c/sensenuts/6.1.2/Lib/Components/Library/libMac_JN516x.a(TAM.o)
                0x00083da0                _eTAMevent
 *fill*         0x00083dba        0x2 00
 .text.eTAMselect
                0x00083dbc      0x154 /cygdrive/c/sensenuts/6.1.2/Lib/Components/Library/libMac_JN516x.a(TAM.o)
                0x00083dbc                _eTAMselect
 .text.vTAM_MLMEsyncRequest
                0x00083f10       0x17 /cygdrive/c/sensenuts/6.1.2/Lib/Components/Library/libMac_JN516x.a(TAM.o)
                0x00083f10                _vTAM_MLMEsyncRequest
 .text.vTAM_MLMEstartRequest
                0x00083f27       0x87 /cygdrive/c/sensenuts/6.1.2/Lib/Components/Library/libMac_JN516x.a(TAM.o)
                0x00083f27                _vTAM_MLMEstartRequest
 .text.vTAMreset
                0x00083fae      0x1f6 /cygdrive/c/sensenuts/6.1.2/Lib/Components/Library/libMac_JN516x.a(TAM.o)
                0x00083fae                _vTAMreset
 .text.vTAMCOsetCoordinator
                0x000841a4       0x29 /cygdrive/c/sensenuts/6.1.2/Lib/Components/Library/libMac_JN516x.a(TAMCO.o)
                0x000841a4                _vTAMCOsetCoordinator
 .text.vTAMCOupdatePendingList
                0x000841cd       0xbb /cygdrive/c/sensenuts/6.1.2/Lib/Components/Library/libMac_JN516x.a(TAMCO.o)
                0x000841cd                _vTAMCOupdatePendingList
 .text.vTAMCOreqTXinCAP
                0x00084288       0x2f /cygdrive/c/sensenuts/6.1.2/Lib/Components/Library/libMac_JN516x.a(TAMCO.o)
                0x00084288                _vTAMCOreqTXinCAP
 .text.vTrySendFromDirectNoBeacon
                0x000842b7       0x38 /cygdrive/c/sensenuts/6.1.2/Lib/Components/Library/libMac_JN516x.a(TAMCO.o)
 .text.vTAMCOreqTXnoBeacon
                0x000842ef       0x18 /cygdrive/c/sensenuts/6.1.2/Lib/Components/Library/libMac_JN516x.a(TAMCO.o)
                0x000842ef                _vTAMCOreqTXnoBeacon
 .text.vTAMCOframeRXnobeacon
                0x00084307       0x18 /cygdrive/c/sensenuts/6.1.2/Lib/Components/Library/libMac_JN516x.a(TAMCO.o)
                0x00084307                _vTAMCOframeRXnobeacon
 .text.vTAMCOframeTXnobeacon
                0x0008431f       0x1e /cygdrive/c/sensenuts/6.1.2/Lib/Components/Library/libMac_JN516x.a(TAMCO.o)
                0x0008431f                _vTAMCOframeTXnobeacon
 .text.vTrySendFromDirectCAP
                0x0008433d       0x25 /cygdrive/c/sensenuts/6.1.2/Lib/Components/Library/libMac_JN516x.a(TAMCO.o)
 .text.vTAMCOframeRXcap
                0x00084362       0x18 /cygdrive/c/sensenuts/6.1.2/Lib/Components/Library/libMac_JN516x.a(TAMCO.o)
                0x00084362                _vTAMCOframeRXcap
 .text.vTAMCOframeRXgoingIdle
                0x0008437a       0x1c /cygdrive/c/sensenuts/6.1.2/Lib/Components/Library/libMac_JN516x.a(TAMCO.o)
                0x0008437a                _vTAMCOframeRXgoingIdle
 .text.vTAMCOframeTXcap
                0x00084396       0x30 /cygdrive/c/sensenuts/6.1.2/Lib/Components/Library/libMac_JN516x.a(TAMCO.o)
                0x00084396                _vTAMCOframeTXcap
 .text.vTAMCOframeTXgoingIdle
                0x000843c6       0x1b /cygdrive/c/sensenuts/6.1.2/Lib/Components/Library/libMac_JN516x.a(TAMCO.o)
                0x000843c6                _vTAMCOframeTXgoingIdle
 .text.vTAMCOint2Fired
                0x000843e1       0x22 /cygdrive/c/sensenuts/6.1.2/Lib/Components/Library/libMac_JN516x.a(TAMCO.o)
                0x000843e1                _vTAMCOint2Fired
 .text.vTAMCOframeTXbeacon
                0x00084403       0xc9 /cygdrive/c/sensenuts/6.1.2/Lib/Components/Library/libMac_JN516x.a(TAMCO.o)
                0x00084403                _vTAMCOframeTXbeacon
 .text.vTAMCOint1Fired
                0x000844cc       0xef /cygdrive/c/sensenuts/6.1.2/Lib/Components/Library/libMac_JN516x.a(TAMCO.o)
                0x000844cc                _vTAMCOint1Fired
 .text.vTAMCOint1FiredCAP
                0x000845bb       0x7f /cygdrive/c/sensenuts/6.1.2/Lib/Components/Library/libMac_JN516x.a(TAMCO.o)
                0x000845bb                _vTAMCOint1FiredCAP
 .text.vTAMCOstartBeacon
                0x0008463a       0x41 /cygdrive/c/sensenuts/6.1.2/Lib/Components/Library/libMac_JN516x.a(TAMCO.o)
                0x0008463a                _vTAMCOstartBeacon
 .text.vStartStoreValues
                0x0008467b       0xbc /cygdrive/c/sensenuts/6.1.2/Lib/Components/Library/libMac_JN516x.a(TAMCO.o)
 .text.bStartCallback
                0x00084737       0x2f /cygdrive/c/sensenuts/6.1.2/Lib/Components/Library/libMac_JN516x.a(TAMCO.o)
 .text.vTAMCO_MLMEstartRequest
                0x00084766      0x11e /cygdrive/c/sensenuts/6.1.2/Lib/Components/Library/libMac_JN516x.a(TAMCO.o)
                0x00084766                _vTAMCO_MLMEstartRequest
 .text.vTAMCOframeStarting
                0x00084884       0x1e /cygdrive/c/sensenuts/6.1.2/Lib/Components/Library/libMac_JN516x.a(TAMCO.o)
                0x00084884                _vTAMCOframeStarting
 .text.vTAMDEdetermineNullState
                0x000848a2       0x1d /cygdrive/c/sensenuts/6.1.2/Lib/Components/Library/libMac_JN516x.a(TAMDE.o)
                0x000848a2                _vTAMDEdetermineNullState
 .text.vSetPHYfromMacValue
                0x000848bf       0x45 /cygdrive/c/sensenuts/6.1.2/Lib/Components/Library/libMac_JN516x.a(TAMDE.o)
 .text.vTAMDEint1FiredWaitDR
                0x00084904       0x20 /cygdrive/c/sensenuts/6.1.2/Lib/Components/Library/libMac_JN516x.a(TAMDE.o)
                0x00084904                _vTAMDEint1FiredWaitDR
 .text.vTAMDEstartSync
                0x00084924       0x86 /cygdrive/c/sensenuts/6.1.2/Lib/Components/Library/libMac_JN516x.a(TAMDE.o)
                0x00084924                _vTAMDEstartSync
 .text.vTAMDE_MLMEsyncRequest
                0x000849aa       0x30 /cygdrive/c/sensenuts/6.1.2/Lib/Components/Library/libMac_JN516x.a(TAMDE.o)
                0x000849aa                _vTAMDE_MLMEsyncRequest
 .text.vTrySendUnslotted
                0x000849da       0x23 /cygdrive/c/sensenuts/6.1.2/Lib/Components/Library/libMac_JN516x.a(TAMDE.o)
 .text.vDeterminePowerState
                0x000849fd       0x98 /cygdrive/c/sensenuts/6.1.2/Lib/Components/Library/libMac_JN516x.a(TAMDE.o)
 .text.vTAMDEreqTXnullTrackingCAP
                0x00084a95       0x1c /cygdrive/c/sensenuts/6.1.2/Lib/Components/Library/libMac_JN516x.a(TAMDE.o)
                0x00084a95                _vTAMDEreqTXnullTrackingCAP
 .text.vTAMDEint2FiredTrackingDR
                0x00084ab1       0x2b /cygdrive/c/sensenuts/6.1.2/Lib/Components/Library/libMac_JN516x.a(TAMDE.o)
                0x00084ab1                _vTAMDEint2FiredTrackingDR
 .text.vTAMDEframeTXDEnull
                0x00084adc       0x28 /cygdrive/c/sensenuts/6.1.2/Lib/Components/Library/libMac_JN516x.a(TAMDE.o)
                0x00084adc                _vTAMDEframeTXDEnull
 .text.vTAMDEframeTXtrackingCAPgts
                0x00084b04       0x34 /cygdrive/c/sensenuts/6.1.2/Lib/Components/Library/libMac_JN516x.a(TAMDE.o)
                0x00084b04                _vTAMDEframeTXtrackingCAPgts
 .text.vTAMDEframeRX
                0x00084b38       0x30 /cygdrive/c/sensenuts/6.1.2/Lib/Components/Library/libMac_JN516x.a(TAMDE.o)
                0x00084b38                _vTAMDEframeRX
 .text.vTAMDEframePreSyncReq
                0x00084b68       0x21 /cygdrive/c/sensenuts/6.1.2/Lib/Components/Library/libMac_JN516x.a(TAMDE.o)
                0x00084b68                _vTAMDEframePreSyncReq
 .text.bSendDataRequest
                0x00084b89      0x113 /cygdrive/c/sensenuts/6.1.2/Lib/Components/Library/libMac_JN516x.a(TAMDE.o)
 .text.vTAMDEframeRXtrackingDR
                0x00084c9c       0x47 /cygdrive/c/sensenuts/6.1.2/Lib/Components/Library/libMac_JN516x.a(TAMDE.o)
                0x00084c9c                _vTAMDEframeRXtrackingDR
 .text.vTAMDEint2FiredPollActive
                0x00084ce3       0x34 /cygdrive/c/sensenuts/6.1.2/Lib/Components/Library/libMac_JN516x.a(TAMDE.o)
                0x00084ce3                _vTAMDEint2FiredPollActive
 .text.vTAMDEframeTXtrackingDR
                0x00084d17       0x6b /cygdrive/c/sensenuts/6.1.2/Lib/Components/Library/libMac_JN516x.a(TAMDE.o)
                0x00084d17                _vTAMDEframeTXtrackingDR
 .text.vTAMDEint1FiredTracking
                0x00084d82       0x6f /cygdrive/c/sensenuts/6.1.2/Lib/Components/Library/libMac_JN516x.a(TAMDE.o)
                0x00084d82                _vTAMDEint1FiredTracking
 .text.vTAMDEint1FiredTrackingCAPgts
                0x00084df1       0xca /cygdrive/c/sensenuts/6.1.2/Lib/Components/Library/libMac_JN516x.a(TAMDE.o)
                0x00084df1                _vTAMDEint1FiredTrackingCAPgts
 .text.vTAMDEint1FiredTrackingBeacon
                0x00084ebb       0xa7 /cygdrive/c/sensenuts/6.1.2/Lib/Components/Library/libMac_JN516x.a(TAMDE.o)
                0x00084ebb                _vTAMDEint1FiredTrackingBeacon
 .text.bProcessBeaconRX
                0x00084f62       0xe6 /cygdrive/c/sensenuts/6.1.2/Lib/Components/Library/libMac_JN516x.a(TAMDE.o)
 .text.vTAMDEframeRXsyncReq
                0x00085048      0x26c /cygdrive/c/sensenuts/6.1.2/Lib/Components/Library/libMac_JN516x.a(TAMDE.o)
                0x00085048                _vTAMDEframeRXsyncReq
 .text.vTAMDEint1FiredSyncReq
                0x000852b4       0x7b /cygdrive/c/sensenuts/6.1.2/Lib/Components/Library/libMac_JN516x.a(TAMDE.o)
                0x000852b4                _vTAMDEint1FiredSyncReq
 .text.pvMEMget
                0x0008532f       0x27 /cygdrive/c/sensenuts/6.1.2/Lib/Components/Library/libMac_JN516x.a(TAM_MEM.o)
                0x0008532f                _pvMEMget
 .text.vMEMreturn
                0x00085356       0x6a /cygdrive/c/sensenuts/6.1.2/Lib/Components/Library/libMac_JN516x.a(TAM_MEM.o)
                0x00085356                _vMEMreturn
 .text.vMEMreset
                0x000853c0       0x70 /cygdrive/c/sensenuts/6.1.2/Lib/Components/Library/libMac_JN516x.a(TAM_MEM.o)
                0x000853c0                _vMEMreset
 .text.vMLMErxEnableConfirm
                0x00085430       0x37 /cygdrive/c/sensenuts/6.1.2/Lib/Components/Library/libMac_JN516x.a(TAM_MLME.o)
                0x00085430                _vMLMErxEnableConfirm
 .text.vMLMEcommStatus
                0x00085467       0x6e /cygdrive/c/sensenuts/6.1.2/Lib/Components/Library/libMac_JN516x.a(TAM_MLME.o)
                0x00085467                _vMLMEcommStatus
 .text.vMLMEcommStatusFromFrame
                0x000854d5       0x47 /cygdrive/c/sensenuts/6.1.2/Lib/Components/Library/libMac_JN516x.a(TAM_MLME.o)
                0x000854d5                _vMLMEcommStatusFromFrame
 .text.vMLMEsyncLoss
                0x0008551c       0x38 /cygdrive/c/sensenuts/6.1.2/Lib/Components/Library/libMac_JN516x.a(TAM_MLME.o)
                0x0008551c                _vMLMEsyncLoss
 .text.vMLMEbeaconNotify
                0x00085554      0x17c /cygdrive/c/sensenuts/6.1.2/Lib/Components/Library/libMac_JN516x.a(TAM_MLME.o)
                0x00085554                _vMLMEbeaconNotify
 .text.vTAHsetCutOff
                0x000856d0        0xa /cygdrive/c/sensenuts/6.1.2/Lib/Components/Library/libMac_JN516x.a(TAM_TAH.o)
                0x000856d0                _vTAHsetCutOff
 .text.vTAHsetSyncLock
                0x000856da       0x18 /cygdrive/c/sensenuts/6.1.2/Lib/Components/Library/libMac_JN516x.a(TAM_TAH.o)
                0x000856da                _vTAHsetSyncLock
 .text.vTAHsetPhyStateDirect
                0x000856f2       0x33 /cygdrive/c/sensenuts/6.1.2/Lib/Components/Library/libMac_JN516x.a(TAM_TAH.o)
                0x000856f2                _vTAHsetPhyStateDirect
 .text.vTAHsetPhyState
                0x00085725       0x35 /cygdrive/c/sensenuts/6.1.2/Lib/Components/Library/libMac_JN516x.a(TAM_TAH.o)
                0x00085725                _vTAHsetPhyState
 .text.vTAIdisableInterrupt
                0x0008575a       0x10 /cygdrive/c/sensenuts/6.1.2/Lib/Components/Library/libMac_JN516x.a(TAM_TAI.o)
                0x0008575a                _vTAIdisableInterrupt
 .text.vTAIsetRxEnableTime
                0x0008576a       0x1d /cygdrive/c/sensenuts/6.1.2/Lib/Components/Library/libMac_JN516x.a(TAM_TAI.o)
                0x0008576a                _vTAIsetRxEnableTime
 .text.vTAIsetCapTime
                0x00085787       0x1d /cygdrive/c/sensenuts/6.1.2/Lib/Components/Library/libMac_JN516x.a(TAM_TAI.o)
                0x00085787                _vTAIsetCapTime
 .text.eTATreadTXstatus
                0x000857a4       0x46 /cygdrive/c/sensenuts/6.1.2/Lib/Components/Library/libMac_JN516x.a(TAM_TAT.o)
                0x000857a4                _eTATreadTXstatus
 .text.vTATgetFrameAddress
                0x000857ea       0x20 /cygdrive/c/sensenuts/6.1.2/Lib/Components/Library/libMac_JN516x.a(TAM_TAT.o)
                0x000857ea                _vTATgetFrameAddress
 .text.vTATgetFramePayload
                0x0008580a       0x1d /cygdrive/c/sensenuts/6.1.2/Lib/Components/Library/libMac_JN516x.a(TAM_TAT.o)
                0x0008580a                _vTATgetFramePayload
 .text.vTATsetBLE
                0x00085827       0x3e /cygdrive/c/sensenuts/6.1.2/Lib/Components/Library/libMac_JN516x.a(TAM_TAT.o)
                0x00085827                _vTATsetBLE
 .text.vTATwriteAclMaterialToHardware
                0x00085865       0x2c /cygdrive/c/sensenuts/6.1.2/Lib/Components/Library/libMac_JN516x.a(TAM_TAT.o)
                0x00085865                _vTATwriteAclMaterialToHardware
 .text.bIsBbcSafeForTx
                0x00085891       0x2d /cygdrive/c/sensenuts/6.1.2/Lib/Components/Library/libMac_JN516x.a(TAM_TAT.o)
                0x00085891                _bIsBbcSafeForTx
 .text.vTATstartReceiveAt
                0x000858be       0x1e /cygdrive/c/sensenuts/6.1.2/Lib/Components/Library/libMac_JN516x.a(TAM_TAT.o)
                0x000858be                _vTATstartReceiveAt
 .text.vWriteFrame
                0x000858dc       0x7d /cygdrive/c/sensenuts/6.1.2/Lib/Components/Library/libMac_JN516x.a(TAM_TAT.o)
 .text.bTATsendFrame
                0x00085959       0x5a /cygdrive/c/sensenuts/6.1.2/Lib/Components/Library/libMac_JN516x.a(TAM_TAT.o)
                0x00085959                _bTATsendFrame
 .text.bTATsendFrameAt
                0x000859b3       0x48 /cygdrive/c/sensenuts/6.1.2/Lib/Components/Library/libMac_JN516x.a(TAM_TAT.o)
                0x000859b3                _bTATsendFrameAt
 .text.bTACassessBeaconForPayload
                0x000859fb       0x4c /cygdrive/c/sensenuts/6.1.2/Lib/Components/Library/libMac_JN516x.a(TAMcommon.o)
                0x000859fb                _bTACassessBeaconForPayload
 .text.bTACframeInProgress
                0x00085a47       0x27 /cygdrive/c/sensenuts/6.1.2/Lib/Components/Library/libMac_JN516x.a(TAMcommon.o)
                0x00085a47                _bTACframeInProgress
 .text.vTACu16ToPayloadM
                0x00085a6e        0xc /cygdrive/c/sensenuts/6.1.2/Lib/Components/Library/libMac_JN516x.a(TAMcommon.o)
                0x00085a6e                _vTACu16ToPayloadM
 .text.vTACu32ToPayloadM
                0x00085a7a       0x18 /cygdrive/c/sensenuts/6.1.2/Lib/Components/Library/libMac_JN516x.a(TAMcommon.o)
                0x00085a7a                _vTACu32ToPayloadM
 .text.u16TACpayloadToU16M
                0x00085a92        0xf /cygdrive/c/sensenuts/6.1.2/Lib/Components/Library/libMac_JN516x.a(TAMcommon.o)
                0x00085a92                _u16TACpayloadToU16M
 .text.u32TACpayloadToU32M
                0x00085aa1       0x23 /cygdrive/c/sensenuts/6.1.2/Lib/Components/Library/libMac_JN516x.a(TAMcommon.o)
                0x00085aa1                _u32TACpayloadToU32M
 .text.u8TACgetHeaderSize
                0x00085ac4       0x26 /cygdrive/c/sensenuts/6.1.2/Lib/Components/Library/libMac_JN516x.a(TAMcommon.o)
                0x00085ac4                _u8TACgetHeaderSize
 .text.vTACsetTxFrameDefaults
                0x00085aea       0x2a /cygdrive/c/sensenuts/6.1.2/Lib/Components/Library/libMac_JN516x.a(TAMcommon.o)
                0x00085aea                _vTACsetTxFrameDefaults
 .text.vTACcheckPollResponse
                0x00085b14       0x37 /cygdrive/c/sensenuts/6.1.2/Lib/Components/Library/libMac_JN516x.a(TAMcommon.o)
                0x00085b14                _vTACcheckPollResponse
 .text.bUpdateTime
                0x00085b4b       0x46 /cygdrive/c/sensenuts/6.1.2/Lib/Components/Library/libMac_JN516x.a(TAMcommon.o)
 .text.vTACbuildBeacon
                0x00085b91      0x257 /cygdrive/c/sensenuts/6.1.2/Lib/Components/Library/libMac_JN516x.a(TAMcommon.o)
                0x00085b91                _vTACbuildBeacon
 .text.vTACsetFramePending
                0x00085de8       0x3f /cygdrive/c/sensenuts/6.1.2/Lib/Components/Library/libMac_JN516x.a(TAMcommon.o)
                0x00085de8                _vTACsetFramePending
 .text.vTACsetPHYfromMacValue
                0x00085e27       0x2b /cygdrive/c/sensenuts/6.1.2/Lib/Components/Library/libMac_JN516x.a(TAMcommon.o)
                0x00085e27                _vTACsetPHYfromMacValue
 .text.bTACcheckPANconflict
                0x00085e52       0xa8 /cygdrive/c/sensenuts/6.1.2/Lib/Components/Library/libMac_JN516x.a(TAMcommon.o)
                0x00085e52                _bTACcheckPANconflict
 .text.bTACprocessUnexpectedBeacon
                0x00085efa       0x6d /cygdrive/c/sensenuts/6.1.2/Lib/Components/Library/libMac_JN516x.a(TAMcommon.o)
                0x00085efa                _bTACprocessUnexpectedBeacon
 .text.bSendSyncLoss
                0x00085f67       0x1e /cygdrive/c/sensenuts/6.1.2/Lib/Components/Library/libMac_JN516x.a(TAMcommon.o)
 .text.vTACinformOriginator
                0x00085f85       0x26 /cygdrive/c/sensenuts/6.1.2/Lib/Components/Library/libMac_JN516x.a(TAMcommon.o)
                0x00085f85                _vTACinformOriginator
 .text.vTACintRXheader
                0x00085fab       0x98 /cygdrive/c/sensenuts/6.1.2/Lib/Components/Library/libMac_JN516x.a(TAMcommon.o)
                0x00085fab                _vTACintRXheader
 .text.bTACprocessFrameRXcomplete
                0x00086043      0x231 /cygdrive/c/sensenuts/6.1.2/Lib/Components/Library/libMac_JN516x.a(TAMcommon.o)
                0x00086043                _bTACprocessFrameRXcomplete
 .text.eTACprocessFrameTXcomplete
                0x00086274      0x17c /cygdrive/c/sensenuts/6.1.2/Lib/Components/Library/libMac_JN516x.a(TAMcommon.o)
                0x00086274                _eTACprocessFrameTXcomplete
 .text.vTAMinsertEvent
                0x000863f0       0x6c /cygdrive/c/sensenuts/6.1.2/Lib/Components/Library/libMac_JN516x.a(TAMevent.o)
                0x000863f0                _vTAMinsertEvent
 .text.vTAM_TxRetryTimeout
                0x0008645c        0x8 /cygdrive/c/sensenuts/6.1.2/Lib/Components/Library/libMac_JN516x.a(TAMevent.o)
                0x0008645c                _vTAM_TxRetryTimeout
 .text.vTAM_QueueTxEvent
                0x00086464       0x11 /cygdrive/c/sensenuts/6.1.2/Lib/Components/Library/libMac_JN516x.a(TAMevent.o)
                0x00086464                _vTAM_QueueTxEvent
 .text.vTAM_CancelTxRetryTimer
                0x00086475        0xf /cygdrive/c/sensenuts/6.1.2/Lib/Components/Library/libMac_JN516x.a(TAMevent.o)
                0x00086475                _vTAM_CancelTxRetryTimer
 .text.vTAM_TxRetryTimer
                0x00086484       0x13 /cygdrive/c/sensenuts/6.1.2/Lib/Components/Library/libMac_JN516x.a(TAMevent.o)
                0x00086484                _vTAM_TxRetryTimer
 .text.vTAQaddToFifo
                0x00086497       0x1a /cygdrive/c/sensenuts/6.1.2/Lib/Components/Library/libMac_JN516x.a(TAMqueue.o)
                0x00086497                _vTAQaddToFifo
 .text.bTAQremoveFromFifo
                0x000864b1       0x3d /cygdrive/c/sensenuts/6.1.2/Lib/Components/Library/libMac_JN516x.a(TAMqueue.o)
                0x000864b1                _bTAQremoveFromFifo
 .text.vTAQresetFifo
                0x000864ee        0x9 /cygdrive/c/sensenuts/6.1.2/Lib/Components/Library/libMac_JN516x.a(TAMqueue.o)
                0x000864ee                _vTAQresetFifo
 .text.psTAQsearchFifoForHandle
                0x000864f7       0x18 /cygdrive/c/sensenuts/6.1.2/Lib/Components/Library/libMac_JN516x.a(TAMqueue.o)
                0x000864f7                _psTAQsearchFifoForHandle
 .text.psTAQsearchFifo
                0x0008650f       0x46 /cygdrive/c/sensenuts/6.1.2/Lib/Components/Library/libMac_JN516x.a(TAMqueue.o)
                0x0008650f                _psTAQsearchFifo
 .text.vDoGoOff
                0x00086555       0x1a /cygdrive/c/sensenuts/6.1.2/Lib/Components/Library/libMac_JN516x.a(TAMrxEnable.o)
 .text.vDoGoActive
                0x0008656f       0x28 /cygdrive/c/sensenuts/6.1.2/Lib/Components/Library/libMac_JN516x.a(TAMrxEnable.o)
 .text.vTAM_MLMErxEnableRequest
                0x00086597       0xc8 /cygdrive/c/sensenuts/6.1.2/Lib/Components/Library/libMac_JN516x.a(TAMrxEnable.o)
                0x00086597                _vTAM_MLMErxEnableRequest
 .text.vTAMRXEsetReceiveForPibChange
                0x0008665f       0x33 /cygdrive/c/sensenuts/6.1.2/Lib/Components/Library/libMac_JN516x.a(TAMrxEnable.o)
                0x0008665f                _vTAMRXEsetReceiveForPibChange
 .text.vTAMRXEsetPhy
                0x00086692       0xb6 /cygdrive/c/sensenuts/6.1.2/Lib/Components/Library/libMac_JN516x.a(TAMrxEnable.o)
                0x00086692                _vTAMRXEsetPhy
 .text.vTAMRXEint2Fired
                0x00086748       0x42 /cygdrive/c/sensenuts/6.1.2/Lib/Components/Library/libMac_JN516x.a(TAMrxEnable.o)
                0x00086748                _vTAMRXEint2Fired
 .text.bSecurityLevelCheckingAlgorithm
                0x0008678a       0x25 /cygdrive/c/sensenuts/6.1.2/Lib/Components/Library/libMac_JN516x.a(TAMsecurity.o)
 .text.u8TSCframeIncrease
                0x000867af        0xf /cygdrive/c/sensenuts/6.1.2/Lib/Components/Library/libMac_JN516x.a(TAMsecurity.o)
                0x000867af                _u8TSCframeIncrease
 .text.vTSCsetUpwardSecurity
                0x000867be       0x15 /cygdrive/c/sensenuts/6.1.2/Lib/Components/Library/libMac_JN516x.a(TAMsecurity.o)
                0x000867be                _vTSCsetUpwardSecurity
 .text.vCopyToDataFromMacAddr
                0x000867d3       0x33 /cygdrive/c/sensenuts/6.1.2/Lib/Components/Library/libMac_JN516x.a(TAMsecurity.o)
 .text.vTSCpostTransmitUpdate
                0x00086806       0x3b /cygdrive/c/sensenuts/6.1.2/Lib/Components/Library/libMac_JN516x.a(TAMsecurity.o)
                0x00086806                _vTSCpostTransmitUpdate
 .text.vTSCsetOutgoingInfo
                0x00086841      0x158 /cygdrive/c/sensenuts/6.1.2/Lib/Components/Library/libMac_JN516x.a(TAMsecurity.o)
                0x00086841                _vTSCsetOutgoingInfo
 .text.vMAC_RetrieveSecurityInfoFromFrame
                0x00086999       0x92 /cygdrive/c/sensenuts/6.1.2/Lib/Components/Library/libMac_JN516x.a(TAMsecurity.o)
                0x00086999                _vMAC_RetrieveSecurityInfoFromFrame
 .text.MAC_bLookUpKeyDescriptor
                0x00086a2b       0x7f /cygdrive/c/sensenuts/6.1.2/Lib/Components/Library/libMac_JN516x.a(TAMsecurity.o)
 .text.bTSCgetOutgoingInfo2003
                0x00086aaa       0x21 /cygdrive/c/sensenuts/6.1.2/Lib/Components/Library/libMac_JN516x.a(TAMsecurity.o)
                0x00086aaa                _bTSCgetOutgoingInfo2003
 .text.bTSCgetOutgoingInfo
                0x00086acb      0x11c /cygdrive/c/sensenuts/6.1.2/Lib/Components/Library/libMac_JN516x.a(TAMsecurity.o)
                0x00086acb                _bTSCgetOutgoingInfo
 .text.vTSCgetIncomingInfo
                0x00086be7       0xc6 /cygdrive/c/sensenuts/6.1.2/Lib/Components/Library/libMac_JN516x.a(TAMsecurity.o)
                0x00086be7                _vTSCgetIncomingInfo
 .text.bTSCcheckIncomingFrame
                0x00086cad      0x689 /cygdrive/c/sensenuts/6.1.2/Lib/Components/Library/libMac_JN516x.a(TAMsecurity.o)
                0x00086cad                _bTSCcheckIncomingFrame
 .text.vTAStidyUpAfterFrameTX
                0x00087336       0x26 /cygdrive/c/sensenuts/6.1.2/Lib/Components/Library/libMac_JN516x.a(TAMsideways.o)
                0x00087336                _vTAStidyUpAfterFrameTX
 .text.bTASsendCommStatusInd
                0x0008735c       0x1b /cygdrive/c/sensenuts/6.1.2/Lib/Components/Library/libMac_JN516x.a(TAMsideways.o)
                0x0008735c                _bTASsendCommStatusInd
 .text.vTASretrieveSecurity
                0x00087377       0x24 /cygdrive/c/sensenuts/6.1.2/Lib/Components/Library/libMac_JN516x.a(TAMsideways.o)
                0x00087377                _vTASretrieveSecurity
 .text.vTASretrieveFrame
                0x0008739b       0x88 /cygdrive/c/sensenuts/6.1.2/Lib/Components/Library/libMac_JN516x.a(TAMsideways.o)
                0x0008739b                _vTASretrieveFrame
 .text.eTAStransmitRequest
                0x00087423      0x3e3 /cygdrive/c/sensenuts/6.1.2/Lib/Components/Library/libMac_JN516x.a(TAMsideways.o)
                0x00087423                _eTAStransmitRequest
 .text.vTTIBLETimerExpired
                0x00087806        0xb /cygdrive/c/sensenuts/6.1.2/Lib/Components/Library/libMac_JN516x.a(TAMtime.o)
                0x00087806                _vTTIBLETimerExpired
 .text.vTTITimer2Expired
                0x00087811        0x8 /cygdrive/c/sensenuts/6.1.2/Lib/Components/Library/libMac_JN516x.a(TAMtime.o)
                0x00087811                _vTTITimer2Expired
 .text.vTTITimer1Expired
                0x00087819        0x8 /cygdrive/c/sensenuts/6.1.2/Lib/Components/Library/libMac_JN516x.a(TAMtime.o)
                0x00087819                _vTTITimer1Expired
 .text.vTTITransactionTimerExpired
                0x00087821       0x2f /cygdrive/c/sensenuts/6.1.2/Lib/Components/Library/libMac_JN516x.a(TAMtime.o)
                0x00087821                _vTTITransactionTimerExpired
 .text.vCmdWaitBusy
                0x00087850        0xd /cygdrive/c/sensenuts/6.1.2/Lib/Components/Library/libMac_JN516x.a(TAM_AES.o)
 .text.vEcbEncodeStripe
                0x0008785d       0x55 /cygdrive/c/sensenuts/6.1.2/Lib/Components/Library/libMac_JN516x.a(TAM_AES.o)
 .text.vFromU16ToLe
                0x000878b2        0xc /cygdrive/c/sensenuts/6.1.2/Lib/Components/Library/libMac_JN516x.a(TAM_AES.o)
 .text.vFromU32ToLe
                0x000878be       0x18 /cygdrive/c/sensenuts/6.1.2/Lib/Components/Library/libMac_JN516x.a(TAM_AES.o)
 .text.u8TAM_AES_WriteAuxilliarySecurityHeaderIntoBuffer
                0x000878d6       0x6a /cygdrive/c/sensenuts/6.1.2/Lib/Components/Library/libMac_JN516x.a(TAM_AES.o)
                0x000878d6                _u8TAM_AES_WriteAuxilliarySecurityHeaderIntoBuffer
 .text.u8Write802_15_4HeaderIntoBuffer
                0x00087940      0x110 /cygdrive/c/sensenuts/6.1.2/Lib/Components/Library/libMac_JN516x.a(TAM_AES.o)
 .text.vWrite802_15_4NonceIntoBuffer
                0x00087a50       0x4a /cygdrive/c/sensenuts/6.1.2/Lib/Components/Library/libMac_JN516x.a(TAM_AES.o)
 .text.vTAM_AES_OptimisedCcmStar
                0x00087a9a      0x244 /cygdrive/c/sensenuts/6.1.2/Lib/Components/Library/libMac_JN516x.a(TAM_AES.o)
                0x00087a9a                _vTAM_AES_OptimisedCcmStar
 .text.bTAM_AES_CCMstarPatch2006
                0x00087cde       0xf4 /cygdrive/c/sensenuts/6.1.2/Lib/Components/Library/libMac_JN516x.a(TAM_AES.o)
                0x00087cde                _bTAM_AES_CCMstarPatch2006
 .text.bTAM_AES_CCMstarPatch
                0x00087dd2       0xfe /cygdrive/c/sensenuts/6.1.2/Lib/Components/Library/libMac_JN516x.a(TAM_AES.o)
                0x00087dd2                _bTAM_AES_CCMstarPatch
 .text.MAC_u8AclFindInfo
                0x00087ed0      0x118 /cygdrive/c/sensenuts/6.1.2/Lib/Components/Library/libMac_JN516x.a(mac_acl.o)
                0x00087ed0                _MAC_u8AclFindInfo
 .text.vMAC_MISCorphanReceived
                0x00087fe8       0x4f /cygdrive/c/sensenuts/6.1.2/Lib/Components/Library/libMac_JN516x.a(mac_misc.o)
                0x00087fe8                _vMAC_MISCorphanReceived
 .text.vMAC_MISCpollConfirm
                0x00088037       0x35 /cygdrive/c/sensenuts/6.1.2/Lib/Components/Library/libMac_JN516x.a(mac_misc.o)
                0x00088037                _vMAC_MISCpollConfirm
 .text.vMAC_MISCpollRequest
                0x0008806c       0xbe /cygdrive/c/sensenuts/6.1.2/Lib/Components/Library/libMac_JN516x.a(mac_misc.o)
                0x0008806c                _vMAC_MISCpollRequest
 .text.vMAC_MISCorphanResponse
                0x0008812a       0xc4 /cygdrive/c/sensenuts/6.1.2/Lib/Components/Library/libMac_JN516x.a(mac_misc.o)
                0x0008812a                _vMAC_MISCorphanResponse
 .text.bPollReqSent
                0x000881ee       0x1e /cygdrive/c/sensenuts/6.1.2/Lib/Components/Library/libMac_JN516x.a(mac_misc.o)
 .text.vUpdateRegisters
                0x0008820c       0x4b /cygdrive/c/sensenuts/6.1.2/Lib/Components/Library/libXcv_JN516x.a(xcv_main.o)
 .text.XCV_vCtor
                0x00088257      0x1ae /cygdrive/c/sensenuts/6.1.2/Lib/Components/Library/libXcv_JN516x.a(xcv_main.o)
                0x00088257                _XCV_vCtor
 .text.XCV_vDevWriteIER
                0x00088405        0xa /cygdrive/c/sensenuts/6.1.2/Lib/Components/Library/libXcv_JN516x.a(xcv_access.o)
                0x00088405                _XCV_vDevWriteIER
 .text.XCV_vDevRMW_IER
                0x0008840f       0x19 /cygdrive/c/sensenuts/6.1.2/Lib/Components/Library/libXcv_JN516x.a(xcv_access.o)
                0x0008840f                _XCV_vDevRMW_IER
 .text.vXCV_IntHandlerBbc
                0x00088428       0x62 /cygdrive/c/sensenuts/6.1.2/Lib/Components/Library/libXcv_JN516x.a(xcv_isr.o)
                0x00088428                _vXCV_IntHandlerBbc
 .text.vXCV_IntHandlerPhy
                0x0008848a       0xab /cygdrive/c/sensenuts/6.1.2/Lib/Components/Library/libXcv_JN516x.a(xcv_isr.o)
                0x0008848a                _vXCV_IntHandlerPhy
 .text.TSV_eInit
                0x00088535       0x1d /cygdrive/c/sensenuts/6.1.2/Lib/Components/Library/libTimerServer_JN516x.a(tsv_main.o)
                0x00088535                _TSV_eInit
 .text.TSV_eOpen
                0x00088552        0x8 /cygdrive/c/sensenuts/6.1.2/Lib/Components/Library/libTimerServer_JN516x.a(tsv_main.o)
                0x00088552                _TSV_eOpen
 .text.psRemove
                0x0008855a       0x47 /cygdrive/c/sensenuts/6.1.2/Lib/Components/Library/libTimerServer_JN516x.a(tsv_main.o)
 .text.vExpireHead
                0x000885a1       0x31 /cygdrive/c/sensenuts/6.1.2/Lib/Components/Library/libTimerServer_JN516x.a(tsv_main.o)
 .text.TSV_eExpireProc
                0x000885d2       0x2b /cygdrive/c/sensenuts/6.1.2/Lib/Components/Library/libTimerServer_JN516x.a(tsv_main.o)
                0x000885d2                _TSV_eExpireProc
 .text.TSV_eStart
                0x000885fd       0xcf /cygdrive/c/sensenuts/6.1.2/Lib/Components/Library/libTimerServer_JN516x.a(tsv_main.o)
                0x000885fd                _TSV_eStart
 .text.TSV_eStop
                0x000886cc       0x79 /cygdrive/c/sensenuts/6.1.2/Lib/Components/Library/libTimerServer_JN516x.a(tsv_main.o)
                0x000886cc                _TSV_eStop
 .text.bAHI_APRegulatorEnabled
                0x00088745        0xd /cygdrive/c/sensenuts/6.1.2/Lib/Components/Library/libHardwareApi_JN516x.a(AHI_Analogue.o)
                0x00088745                _bAHI_APRegulatorEnabled
 .text.vAHI_AdcEnable
                0x00088752       0x4c /cygdrive/c/sensenuts/6.1.2/Lib/Components/Library/libHardwareApi_JN516x.a(AHI_Analogue.o)
                0x00088752                _vAHI_AdcEnable
 .text.vAHI_AdcDisable
                0x0008879e       0x17 /cygdrive/c/sensenuts/6.1.2/Lib/Components/Library/libHardwareApi_JN516x.a(AHI_Analogue.o)
                0x0008879e                _vAHI_AdcDisable
 .text.vAHI_AdcStartSample
                0x000887b5       0x5a /cygdrive/c/sensenuts/6.1.2/Lib/Components/Library/libHardwareApi_JN516x.a(AHI_Analogue.o)
                0x000887b5                _vAHI_AdcStartSample
 .text.bAHI_AdcPoll
                0x0008880f       0x32 /cygdrive/c/sensenuts/6.1.2/Lib/Components/Library/libHardwareApi_JN516x.a(AHI_Analogue.o)
                0x0008880f                _bAHI_AdcPoll
 .text.u16AHI_AdcRead
                0x00088841       0x25 /cygdrive/c/sensenuts/6.1.2/Lib/Components/Library/libHardwareApi_JN516x.a(AHI_Analogue.o)
                0x00088841                _u16AHI_AdcRead
 .text.vAHI_IntHandlerAnalogPeriph
                0x00088866       0x20 /cygdrive/c/sensenuts/6.1.2/Lib/Components/Library/libHardwareApi_JN516x.a(AHI_Analogue.o)
                0x00088866                _vAHI_IntHandlerAnalogPeriph
 .text.vAHI_ApSetBandGap
                0x00088886       0x1a /cygdrive/c/sensenuts/6.1.2/Lib/Components/Library/libHardwareApi_JN516x.a(AHI_Analogue.o)
                0x00088886                _vAHI_ApSetBandGap
 .text.vAHI_ApConfigure
                0x000888a0       0x67 /cygdrive/c/sensenuts/6.1.2/Lib/Components/Library/libHardwareApi_JN516x.a(AHI_Analogue.o)
                0x000888a0                _vAHI_ApConfigure
 .text.vAHI_DioSetDirection
                0x00088907       0x14 /cygdrive/c/sensenuts/6.1.2/Lib/Components/Library/libHardwareApi_JN516x.a(AHI_Dio.o)
                0x00088907                _vAHI_DioSetDirection
 .text.vAHI_DioSetOutput
                0x0008891b       0x14 /cygdrive/c/sensenuts/6.1.2/Lib/Components/Library/libHardwareApi_JN516x.a(AHI_Dio.o)
                0x0008891b                _vAHI_DioSetOutput
 .text.vAHI_DioSetPullup
                0x0008892f       0x20 /cygdrive/c/sensenuts/6.1.2/Lib/Components/Library/libHardwareApi_JN516x.a(AHI_Dio.o)
                0x0008892f                _vAHI_DioSetPullup
 .text.u32AHI_Init
                0x0008894f       0xc5 /cygdrive/c/sensenuts/6.1.2/Lib/Components/Library/libHardwareApi_JN516x.a(AHI_Init.o)
                0x0008894f                _u32AHI_Init
 .text          0x00088a14       0x27 /cygdrive/c/sensenuts/6.1.2/Lib/Components/Library/libHardwareApi_JN516x.a(AHI_Interrupt.o)
                0x00088a32                _vAHI_InterruptSetActivePriorityLevel
                0x00088a14                _vAHI_InterruptSetPriority
 .text.vAHI_SwReset
                0x00088a3b        0x9 /cygdrive/c/sensenuts/6.1.2/Lib/Components/Library/libHardwareApi_JN516x.a(AHI_Reset.o)
                0x00088a3b                _vAHI_SwReset
 .text.vAHI_SiMasterConfigure
                0x00088a44       0x43 /cygdrive/c/sensenuts/6.1.2/Lib/Components/Library/libHardwareApi_JN516x.a(AHI_Si.o)
                0x00088a44                _vAHI_SiMasterConfigure
 .text.bAHI_SiMasterSetCmdReg
                0x00088a87       0x4f /cygdrive/c/sensenuts/6.1.2/Lib/Components/Library/libHardwareApi_JN516x.a(AHI_Si.o)
                0x00088a87                _bAHI_SiMasterSetCmdReg
 .text.vAHI_SiMasterWriteData8
                0x00088ad6        0x7 /cygdrive/c/sensenuts/6.1.2/Lib/Components/Library/libHardwareApi_JN516x.a(AHI_Si.o)
                0x00088ad6                _vAHI_SiMasterWriteData8
 .text.u8AHI_SiMasterReadData8
                0x00088add        0xa /cygdrive/c/sensenuts/6.1.2/Lib/Components/Library/libHardwareApi_JN516x.a(AHI_Si.o)
                0x00088add                _u8AHI_SiMasterReadData8
 .text.vAHI_SiMasterWriteSlaveAddr
                0x00088ae7       0x19 /cygdrive/c/sensenuts/6.1.2/Lib/Components/Library/libHardwareApi_JN516x.a(AHI_Si.o)
                0x00088ae7                _vAHI_SiMasterWriteSlaveAddr
 .text.bAHI_SiMasterPollTransferInProgress
                0x00088b00        0xd /cygdrive/c/sensenuts/6.1.2/Lib/Components/Library/libHardwareApi_JN516x.a(AHI_Si.o)
                0x00088b00                _bAHI_SiMasterPollTransferInProgress
 .text.vAHI_IntHandlerSi
                0x00088b0d       0x45 /cygdrive/c/sensenuts/6.1.2/Lib/Components/Library/libHardwareApi_JN516x.a(AHI_Si.o)
                0x00088b0d                _vAHI_IntHandlerSi
 .text.vAHI_IntHandlerSpiMaster
                0x00088b52       0x26 /cygdrive/c/sensenuts/6.1.2/Lib/Components/Library/libHardwareApi_JN516x.a(AHI_Spi.o)
                0x00088b52                _vAHI_IntHandlerSpiMaster
 .text.u8AHI_PowerStatus
                0x00088b78        0xa /cygdrive/c/sensenuts/6.1.2/Lib/Components/Library/libHardwareApi_JN516x.a(AHI_System.o)
                0x00088b78                _u8AHI_PowerStatus
 .text.vAHI_ProtocolPower
                0x00088b82       0x17 /cygdrive/c/sensenuts/6.1.2/Lib/Components/Library/libHardwareApi_JN516x.a(AHI_System.o)
                0x00088b82                _vAHI_ProtocolPower
 .text.vAHI_CpuDoze
                0x00088b99       0x13 /cygdrive/c/sensenuts/6.1.2/Lib/Components/Library/libHardwareApi_JN516x.a(AHI_System.o)
                0x00088b99                _vAHI_CpuDoze
 .text.vAHI_WatchdogStop
                0x00088bac       0x17 /cygdrive/c/sensenuts/6.1.2/Lib/Components/Library/libHardwareApi_JN516x.a(AHI_System.o)
                0x00088bac                _vAHI_WatchdogStop
 .text.bAHI_GetClkSource
                0x00088bc3        0xd /cygdrive/c/sensenuts/6.1.2/Lib/Components/Library/libHardwareApi_JN516x.a(AHI_System.o)
                0x00088bc3                _bAHI_GetClkSource
 .text.vAHI_OptimiseWaitStates
                0x00088bd0       0x49 /cygdrive/c/sensenuts/6.1.2/Lib/Components/Library/libHardwareApi_JN516x.a(AHI_System.o)
                0x00088bd0                _vAHI_OptimiseWaitStates
 .text.vAHI_SetWaitStateToChangingClockSourceAndSpeed
                0x00088c19       0x67 /cygdrive/c/sensenuts/6.1.2/Lib/Components/Library/libHardwareApi_JN516x.a(AHI_System.o)
 .text.vPollClkSource
                0x00088c80       0x15 /cygdrive/c/sensenuts/6.1.2/Lib/Components/Library/libHardwareApi_JN516x.a(AHI_System.o)
 .text.bAHI_SetClockRate
                0x00088c95       0x51 /cygdrive/c/sensenuts/6.1.2/Lib/Components/Library/libHardwareApi_JN516x.a(AHI_System.o)
                0x00088c95                _bAHI_SetClockRate
 .text.vAHI_MemoryHold
                0x00088ce6       0x48 /cygdrive/c/sensenuts/6.1.2/Lib/Components/Library/libHardwareApi_JN516x.a(AHI_System.o)
 .text.vAHI_StartRandomNumberGenerator
                0x00088d2e       0x2c /cygdrive/c/sensenuts/6.1.2/Lib/Components/Library/libHardwareApi_JN516x.a(AHI_System.o)
                0x00088d2e                _vAHI_StartRandomNumberGenerator
 .text.u16AHI_ReadRandomNumber
                0x00088d5a        0xa /cygdrive/c/sensenuts/6.1.2/Lib/Components/Library/libHardwareApi_JN516x.a(AHI_System.o)
                0x00088d5a                _u16AHI_ReadRandomNumber
 .text.bAHI_RndNumPoll
                0x00088d64       0x22 /cygdrive/c/sensenuts/6.1.2/Lib/Components/Library/libHardwareApi_JN516x.a(AHI_System.o)
                0x00088d64                _bAHI_RndNumPoll
 .text.bAHI_Clock32MHzStable
                0x00088d86        0xd /cygdrive/c/sensenuts/6.1.2/Lib/Components/Library/libHardwareApi_JN516x.a(AHI_System.o)
                0x00088d86                _bAHI_Clock32MHzStable
 .text.vAHI_IntHandlerSysCtrl
                0x00088d93       0x3d /cygdrive/c/sensenuts/6.1.2/Lib/Components/Library/libHardwareApi_JN516x.a(AHI_System.o)
                0x00088d93                _vAHI_IntHandlerSysCtrl
 .text.vAHI_Sleep
                0x00088dd0       0xbf /cygdrive/c/sensenuts/6.1.2/Lib/Components/Library/libHardwareApi_JN516x.a(AHI_System.o)
                0x00088dd0                _vAHI_Sleep
 .text.vAHI_TickTimerInit
                0x00088e8f        0x9 /cygdrive/c/sensenuts/6.1.2/Lib/Components/Library/libHardwareApi_JN516x.a(AHI_TickTimer.o)
                0x00088e8f                _vAHI_TickTimerInit
 .text.vAHI_TickTimerWrite
                0x00088e98        0x9 /cygdrive/c/sensenuts/6.1.2/Lib/Components/Library/libHardwareApi_JN516x.a(AHI_TickTimer.o)
                0x00088e98                _vAHI_TickTimerWrite
 .text.vAHI_TickTimerConfigure
                0x00088ea1       0x1b /cygdrive/c/sensenuts/6.1.2/Lib/Components/Library/libHardwareApi_JN516x.a(AHI_TickTimer.o)
                0x00088ea1                _vAHI_TickTimerConfigure
 .text.vAHI_TickTimerIntEnable
                0x00088ebc       0x21 /cygdrive/c/sensenuts/6.1.2/Lib/Components/Library/libHardwareApi_JN516x.a(AHI_TickTimer.o)
                0x00088ebc                _vAHI_TickTimerIntEnable
 .text.vAHI_TickTimerInterval
                0x00088edd       0x1e /cygdrive/c/sensenuts/6.1.2/Lib/Components/Library/libHardwareApi_JN516x.a(AHI_TickTimer.o)
                0x00088edd                _vAHI_TickTimerInterval
 .text.vAHI_IntHandlerTickTimer
                0x00088efb       0x3d /cygdrive/c/sensenuts/6.1.2/Lib/Components/Library/libHardwareApi_JN516x.a(AHI_TickTimer.o)
                0x00088efb                _vAHI_IntHandlerTickTimer
 .text.vAHI_TimerEnable
                0x00088f38       0x9a /cygdrive/c/sensenuts/6.1.2/Lib/Components/Library/libHardwareApi_JN516x.a(AHI_Timer.o)
                0x00088f38                _vAHI_TimerEnable
 .text.vAHI_TimerDisable
                0x00088fd2       0x40 /cygdrive/c/sensenuts/6.1.2/Lib/Components/Library/libHardwareApi_JN516x.a(AHI_Timer.o)
                0x00088fd2                _vAHI_TimerDisable
 .text.vAHI_TimerStop
                0x00089012       0x22 /cygdrive/c/sensenuts/6.1.2/Lib/Components/Library/libHardwareApi_JN516x.a(AHI_Timer.o)
                0x00089012                _vAHI_TimerStop
 .text.u16AHI_TimerReadCount
                0x00089034       0x1d /cygdrive/c/sensenuts/6.1.2/Lib/Components/Library/libHardwareApi_JN516x.a(AHI_Timer.o)
                0x00089034                _u16AHI_TimerReadCount
 .text.vStartTimer
                0x00089051       0x2a /cygdrive/c/sensenuts/6.1.2/Lib/Components/Library/libHardwareApi_JN516x.a(AHI_Timer.o)
 .text.vAHI_TimerStartSingleShot
                0x0008907b       0x15 /cygdrive/c/sensenuts/6.1.2/Lib/Components/Library/libHardwareApi_JN516x.a(AHI_Timer.o)
                0x0008907b                _vAHI_TimerStartSingleShot
 .text.vAHI_IntHandlerTimer0
                0x00089090       0x1d /cygdrive/c/sensenuts/6.1.2/Lib/Components/Library/libHardwareApi_JN516x.a(AHI_TimerInt.o)
                0x00089090                _vAHI_IntHandlerTimer0
 .text.vAHI_IntHandlerTimer1
                0x000890ad       0x1c /cygdrive/c/sensenuts/6.1.2/Lib/Components/Library/libHardwareApi_JN516x.a(AHI_TimerInt.o)
                0x000890ad                _vAHI_IntHandlerTimer1
 .text.vAHI_IntHandlerTimer3
                0x000890c9       0x1d /cygdrive/c/sensenuts/6.1.2/Lib/Components/Library/libHardwareApi_JN516x.a(AHI_TimerInt.o)
                0x000890c9                _vAHI_IntHandlerTimer3
 .text.vAHI_IntHandlerTimer4
                0x000890e6       0x1d /cygdrive/c/sensenuts/6.1.2/Lib/Components/Library/libHardwareApi_JN516x.a(AHI_TimerInt.o)
                0x000890e6                _vAHI_IntHandlerTimer4
 .text.vAHI_IntHandlerTimer2
                0x00089103       0x33 /cygdrive/c/sensenuts/6.1.2/Lib/Components/Library/libHardwareApi_JN516x.a(AHI_TimerInt.o)
                0x00089103                _vAHI_IntHandlerTimer2
 .text.vAHI_UartSetBaudDivisor
                0x00089136       0x59 /cygdrive/c/sensenuts/6.1.2/Lib/Components/Library/libHardwareApi_JN516x.a(AHI_Uart.o)
                0x00089136                _vAHI_UartSetBaudDivisor
 .text.vAHI_UartSetClockDivisor
                0x0008918f        0xf /cygdrive/c/sensenuts/6.1.2/Lib/Components/Library/libHardwareApi_JN516x.a(AHI_Uart.o)
                0x0008918f                _vAHI_UartSetClockDivisor
 .text.vAHI_UartReset
                0x0008919e       0x46 /cygdrive/c/sensenuts/6.1.2/Lib/Components/Library/libHardwareApi_JN516x.a(AHI_Uart.o)
                0x0008919e                _vAHI_UartReset
 .text.vAHI_UartConfigureFIFOs
                0x000891e4       0x93 /cygdrive/c/sensenuts/6.1.2/Lib/Components/Library/libHardwareApi_JN516x.a(AHI_Uart.o)
 .text.bAHI_UartEnable
                0x00089277       0x84 /cygdrive/c/sensenuts/6.1.2/Lib/Components/Library/libHardwareApi_JN516x.a(AHI_Uart.o)
                0x00089277                _bAHI_UartEnable
 .text.u16AHI_UartBlockWriteData
                0x000892fb       0x66 /cygdrive/c/sensenuts/6.1.2/Lib/Components/Library/libHardwareApi_JN516x.a(AHI_Uart.o)
                0x000892fb                _u16AHI_UartBlockWriteData
 .text.vAHI_UartSetRTSCTS
                0x00089361       0x22 /cygdrive/c/sensenuts/6.1.2/Lib/Components/Library/libHardwareApi_JN516x.a(AHI_Uart.o)
                0x00089361                _vAHI_UartSetRTSCTS
 .text.vAHI_IntHandlerUart0
                0x00089383       0x29 /cygdrive/c/sensenuts/6.1.2/Lib/Components/Library/libHardwareApi_JN516x.a(AHI_Uart.o)
                0x00089383                _vAHI_IntHandlerUart0
 .text.vAHI_IntHandlerUart1
                0x000893ac       0x29 /cygdrive/c/sensenuts/6.1.2/Lib/Components/Library/libHardwareApi_JN516x.a(AHI_Uart.o)
                0x000893ac                _vAHI_IntHandlerUart1
 .text.u8AHI_UartReadTxFifoLevel
                0x000893d5       0x27 /cygdrive/c/sensenuts/6.1.2/Lib/Components/Library/libHardwareApi_JN516x.a(AHI_Uart.o)
                0x000893d5                _u8AHI_UartReadTxFifoLevel
 .text.vAHI_WakeTimerEnable
                0x000893fc       0x5c /cygdrive/c/sensenuts/6.1.2/Lib/Components/Library/libHardwareApi_JN516x.a(AHI_WakeTimer.o)
                0x000893fc                _vAHI_WakeTimerEnable
 .text.vAHI_WakeTimerStart
                0x00089458       0x58 /cygdrive/c/sensenuts/6.1.2/Lib/Components/Library/libHardwareApi_JN516x.a(AHI_WakeTimer.o)
                0x00089458                _vAHI_WakeTimerStart
 .text.vAHI_WakeTimerStop
                0x000894b0       0x27 /cygdrive/c/sensenuts/6.1.2/Lib/Components/Library/libHardwareApi_JN516x.a(AHI_WakeTimer.o)
                0x000894b0                _vAHI_WakeTimerStop
 .text.vAHI_FlashAndEEPROMControllerIntHandler
                0x000894d7       0x39 /cygdrive/c/sensenuts/6.1.2/Lib/Components/Library/libHardwareApi_JN516x.a(AHI_Flash.o)
                0x000894d7                _vAHI_FlashAndEEPROMControllerIntHandler
 .text.vAHI_IntHandlerSpiSlave
                0x00089510       0x1d /cygdrive/c/sensenuts/6.1.2/Lib/Components/Library/libHardwareApi_JN516x.a(AHI_SpiSlave.o)
                0x00089510                _vAHI_IntHandlerSpiSlave
 .text.vAHI_IntHandlerInfrared
                0x0008952d       0x17 /cygdrive/c/sensenuts/6.1.2/Lib/Components/Library/libHardwareApi_JN516x.a(AHI_Infrared.o)
                0x0008952d                _vAHI_IntHandlerInfrared
 .text.vMicroIntEnableOnly
                0x00089544       0x2d /cygdrive/c/sensenuts/6.1.2/Lib/Components/Library/libMicroSpecific_JN516x.a(MicroInt.o)
                0x00089544                _vMicroIntEnableOnly
 .text.vMicroIntRestoreState
                0x00089571        0xc /cygdrive/c/sensenuts/6.1.2/Lib/Components/Library/libMicroSpecific_JN516x.a(MicroInt.o)
                0x00089571                _vMicroIntRestoreState
 .text.pvHeap_Alloc
                0x0008957d        0xf /cygdrive/c/sensenuts/6.1.2/Lib/Components/Library/libBoot_JN516x.a(Heap.o)
                0x0008957d                _pvHeap_Alloc
 .text.pvHeap_DefAlloc
                0x0008958c       0x41 /cygdrive/c/sensenuts/6.1.2/Lib/Components/Library/libBoot_JN516x.a(Heap.o)
 .text.udivmodsi4
                0x000895cd       0x34 /cygdrive/c/sensenuts/6.1.2/Lib/Components/Library/libMaths_JN516x.a(Maths.o)
                0x000895cd                _udivmodsi4
 .text.__udivsi3
                0x00089601        0x8 /cygdrive/c/sensenuts/6.1.2/Lib/Components/Library/libMaths_JN516x.a(Maths.o)
                0x00089601                ___udivsi3
 .text.__umodsi3
                0x00089609        0x8 /cygdrive/c/sensenuts/6.1.2/Lib/Components/Library/libMaths_JN516x.a(Maths.o)
                0x00089609                ___umodsi3
 .text.vACI_IntHandlerAes
                0x00089611       0x25 /cygdrive/c/sensenuts/6.1.2/Lib/Components/Library/libAes_JN516x.a(AEScoprocessorAPIinterrupts.o)
                0x00089611                _vACI_IntHandlerAes
 .text          0x00089636       0x3e /cygdrive/c/sensenuts/6.1.2/Lib/Tools/ba-elf-ba2/bin/../lib/gcc/ba-elf/4.1.2/ba2/libgcc.a(_fixunssfsi.o)
                0x00089636                ___fixunssfsi
 .text          0x00089674      0x9f5 /cygdrive/c/sensenuts/6.1.2/Lib/Tools/ba-elf-ba2/bin/../lib/gcc/ba-elf/4.1.2/ba2/libgcc.a(fp-bit.o)
                0x00089e45                ___fixsfsi
                0x00089953                ___subsf3
                0x00089eb3                ___unordsf2
                0x00089c50                ___cmpsf2
                0x00089dc0                ___extendsfdf2
                0x00089bda                ___fpcmp_parts_f
                0x00089916                ___addsf3
                0x0008a01e                ___nesf2
                0x0008999d                ___mulsf3
                0x00089fd3                ___gtsf2
                0x00089ef2                ___lesf2
                0x00089d07                ___floatunsisf
                0x00089dfa                ___eqsf2
                0x00089ae8                ___divsf3
                0x00089f88                ___gesf2
                0x0008974e                ___unpack_f
                0x00089d6b                ___negsf2
                0x00089d9e                ___make_fp
                0x00089f3d                ___ltsf2
                0x00089674                ___pack_f
                0x00089c87                ___floatsisf
 .text          0x0008a069      0xe23 /cygdrive/c/sensenuts/6.1.2/Lib/Tools/ba-elf-ba2/bin/../lib/gcc/ba-elf/4.1.2/ba2/libgcc.a(dp-bit.o)
                0x0008a51e                ___muldf3
                0x0008ab89                ___truncdfsf2
                0x0008aced                ___ledf2
                0x0008ac30                ___fixdfsi
                0x0008a4cc                ___subdf3
                0x0008ae39                ___nedf2
                0x0008a9f2                ___floatsidf
                0x0008aa8d                ___floatunsidf
                0x0008ad93                ___gedf2
                0x0008ade6                ___gtdf2
                0x0008a1eb                ___unpack_d
                0x0008a92d                ___fpcmp_parts_d
                0x0008a069                ___pack_d
                0x0008aca6                ___unorddf2
                0x0008ab2f                ___negdf2
                0x0008abdd                ___eqdf2
                0x0008a9b3                ___cmpdf2
                0x0008a7c6                ___divdf3
                0x0008ab63                ___make_dp
                0x0008ad40                ___ltdf2
                0x0008a487                ___adddf3
 .text          0x0008ae8c       0xd3 /cygdrive/c/sensenuts/6.1.2/Lib/Tools/ba-elf-ba2/bin/../lib/gcc/ba-elf/4.1.2/ba2/libgcc.a(_muldi3.o)
                0x0008ae8c                ___muldi3
 .text          0x0008af5f       0x2f /cygdrive/c/sensenuts/6.1.2/Lib/Tools/ba-elf-ba2/bin/../lib/gcc/ba-elf/4.1.2/ba2/libgcc.a(_lshrdi3.o)
                0x0008af5f                ___lshrdi3
 .text          0x0008af8e       0x2f /cygdrive/c/sensenuts/6.1.2/Lib/Tools/ba-elf-ba2/bin/../lib/gcc/ba-elf/4.1.2/ba2/libgcc.a(_ashldi3.o)
                0x0008af8e                ___ashldi3
 *fill*         0x0008afbd        0x3 00
 .text          0x0008afc0       0xc8 /cygdrive/c/sensenuts/6.1.2/Lib/Tools/ba-elf-ba2/bin/../lib/gcc/ba-elf/4.1.2/ba2/libgcc.a(__mulsi3.o)
                0x0008afc0                ___mulsi3
 .text          0x0008b088       0x28 /cygdrive/c/sensenuts/6.1.2/Lib/Tools/ba-elf-ba2/bin/../lib/gcc/ba-elf/4.1.2/../../../../ba-elf/lib/ba2/libc.a(memcmp.o)
                0x0008b088                _memcmp
 .text          0x0008b0b0       0x1d /cygdrive/c/sensenuts/6.1.2/Lib/Tools/ba-elf-ba2/bin/../lib/gcc/ba-elf/4.1.2/../../../../ba-elf/lib/ba2/libc.a(memcpy.o)
 .text          0x0008b0cd       0x18 /cygdrive/c/sensenuts/6.1.2/Lib/Tools/ba-elf-ba2/bin/../lib/gcc/ba-elf/4.1.2/../../../../ba-elf/lib/ba2/libc.a(memset.o)
                0x0008b0cd                _memset
                0x0008b0e5                _flash_end = <code 342> (.)
                0x0400004c                . = 0x400004c

.data           0x0400004c       0x2c load address 0x0008b0e8
                0x0400004c                _ram_data_start = <code 342> (.)